#! /opt/homebrew/Cellar/icarus-verilog/13.0/bin/vvp
:ivl_version "13.0 (stable)" "(v13_0)";
:ivl_delay_selection "TYPICAL";
:vpi_time_precision - 12;
:vpi_module "/opt/homebrew/Cellar/icarus-verilog/13.0/lib/ivl/system.vpi";
:vpi_module "/opt/homebrew/Cellar/icarus-verilog/13.0/lib/ivl/vhdl_sys.vpi";
:vpi_module "/opt/homebrew/Cellar/icarus-verilog/13.0/lib/ivl/vhdl_textio.vpi";
:vpi_module "/opt/homebrew/Cellar/icarus-verilog/13.0/lib/ivl/v2005_math.vpi";
:vpi_module "/opt/homebrew/Cellar/icarus-verilog/13.0/lib/ivl/va_math.vpi";
:vpi_module "/opt/homebrew/Cellar/icarus-verilog/13.0/lib/ivl/v2009.vpi";
S_0x1012b2920 .scope package, "$unit" "$unit" 2 1;
 .timescale 0 0;
S_0x1012abb20 .scope module, "tb_reverb1" "tb_reverb1" 3 26;
 .timescale -9 -12;
P_0x1012b2aa0 .param/l "BLOCK" 1 3 29, +C4<00000000000000000000000000100000>;
P_0x1012b2ae0 .param/l "MEM_WORDS" 1 3 28, +C4<00000000000010001000000000000000>;
v0xaa107a300_0 .var/i "b", 31 0;
v0xaa107a3a0_0 .net "block_done", 0 0, v0xaa10788c0_0;  1 drivers
v0xaa107a440_0 .var "clk", 0 0;
v0xaa107a4e0_0 .net "em_addr", 31 0, v0xaa10795e0_0;  1 drivers
v0xaa107a580_0 .net/s "em_rdata", 31 0, L_0xaa10540a0;  1 drivers
v0xaa107a620_0 .net "em_req", 0 0, v0xaa1079720_0;  1 drivers
v0xaa107a6c0_0 .net/s "em_wdata", 31 0, v0xaa10797c0_0;  1 drivers
v0xaa107a760_0 .net "em_we", 0 0, v0xaa1079860_0;  1 drivers
v0xaa107a800 .array "ext_mem", 557055 0, 31 0;
v0xaa107a8a0_0 .var/i "fd_m", 31 0;
v0xaa107a940_0 .var/i "fd_t", 31 0;
v0xaa107a9e0_0 .var/i "fd_x", 31 0;
v0xaa107aa80_0 .var/i "i", 31 0;
v0xaa107ab20_0 .var/i "nblocks", 31 0;
v0xaa107abc0 .array "sched", 400000 0, 31 0;
v0xaa107ac60_0 .var "start_block", 0 0;
v0xaa107ad00_0 .var "state_reset", 0 0;
v0xaa107ada0 .array "tb_cfg", 85 0, 31 0;
v0xaa107ae40_0 .var "w", 31 0;
E_0xaa105cc80 .event negedge, v0xaa1079400_0;
L_0xaa10540a0 .array/port v0xaa107a800, v0xaa10795e0_0;
S_0x1012abca0 .scope module, "core" "reverb1_core" 3 44, 4 45 0, S_0x1012abb20;
 .timescale -9 -12;
    .port_info 0 /INPUT 1 "clk";
    .port_info 1 /INPUT 1 "state_reset";
    .port_info 2 /INPUT 1 "start_block";
    .port_info 3 /OUTPUT 1 "block_done";
    .port_info 4 /OUTPUT 32 "em_addr";
    .port_info 5 /OUTPUT 1 "em_req";
    .port_info 6 /OUTPUT 1 "em_we";
    .port_info 7 /OUTPUT 32 "em_wdata";
    .port_info 8 /INPUT 32 "em_rdata";
P_0x1012b5c70 .param/l "BLOCK" 1 4 63, +C4<00000000000000000000000000100000>;
P_0x1012b5cb0 .param/l "MAX_REV_DLY" 1 4 59, +C4<00000000000000001000000000000000>;
P_0x1012b5cf0 .param/l "PD_BASE" 1 4 62, +C4<00000000000010000000000000000000>;
P_0x1012b5d30 .param/l "REG_LIM" 1 4 65, +C4<00000000000000000000000000000000000000000000000010000000000000000000000000000000000000000000000000000000000000000000000000000000>;
P_0x1012b5d70 .param/l "REV_BITS" 1 4 58, +C4<00000000000000000000000000001111>;
P_0x1012b5db0 .param/l "S_BIQ" 1 4 101, C4<0101>;
P_0x1012b5df0 .param/l "S_DONE" 1 4 101, C4<1000>;
P_0x1012b5e30 .param/l "S_FB" 1 4 100, C4<0010>;
P_0x1012b5e70 .param/l "S_IDLE" 1 4 100, C4<0000>;
P_0x1012b5eb0 .param/l "S_MIX" 1 4 101, C4<0111>;
P_0x1012b5ef0 .param/l "S_PD_WR" 1 4 100, C4<0011>;
P_0x1012b5f30 .param/l "S_TAP_RD" 1 4 100, C4<0001>;
P_0x1012b5f70 .param/l "S_TAP_WR" 1 4 100, C4<0100>;
P_0x1012b5fb0 .param/l "S_WIDTH" 1 4 101, C4<0110>;
P_0x1012b5ff0 .param/l "TAPS" 1 4 60, +C4<00000000000000000000000000010000>;
P_0x1012b6030 .param/l "TAP_WORDS" 1 4 61, +C4<00000000000010000000000000000000>;
v0xaa1078820_0 .var "bi", 2 0;
v0xaa10788c0_0 .var "block_done", 0 0;
v0xaa1078960 .array/s "bregs", 11 0, 79 0;
v0xaa1078a00 .array/s "cfg_bi_band1", 4 0, 31 0;
v0xaa1078aa0 .array/s "cfg_bi_hicut", 4 0, 31 0;
v0xaa1078b40 .array/s "cfg_bi_locut", 4 0, 31 0;
v0xaa1078be0_0 .var/s "cfg_damp", 31 0;
v0xaa1078c80_0 .var/s "cfg_damp_m1", 31 0;
v0xaa1078d20 .array/s "cfg_dfb", 15 0, 31 0;
v0xaa1078dc0 .array/s "cfg_dt", 15 0, 31 0;
v0xaa1078e60_0 .var "cfg_hicut_active", 0 0;
v0xaa1078f00_0 .var "cfg_locut_active", 0 0;
v0xaa1078fa0_0 .var/s "cfg_mix", 31 0;
v0xaa1079040_0 .var/s "cfg_mix_m1", 31 0;
v0xaa10790e0 .array/s "cfg_pan_l", 15 0, 31 0;
v0xaa1079180 .array/s "cfg_pan_r", 15 0, 31 0;
v0xaa1079220_0 .var/s "cfg_pdtime", 31 0;
v0xaa10792c0_0 .var/s "cfg_width_s", 31 0;
v0xaa1079360_0 .var "ch", 0 0;
v0xaa1079400_0 .net "clk", 0 0, v0xaa107a440_0;  1 drivers
v0xaa10794a0_0 .var "delay_pos", 14 0;
v0xaa1079540_0 .var/i "dp_tmp", 31 0;
v0xaa10795e0_0 .var "em_addr", 31 0;
v0xaa1079680_0 .net/s "em_rdata", 31 0, L_0xaa10540a0;  alias, 1 drivers
v0xaa1079720_0 .var "em_req", 0 0;
v0xaa10797c0_0 .var/s "em_wdata", 31 0;
v0xaa1079860_0 .var "em_we", 0 0;
v0xaa1079900_0 .var/s "fbsum", 36 0;
v0xaa10799a0_0 .var/s "fbw", 36 0;
v0xaa1079a40 .array/s "in_l", 31 0, 31 0;
v0xaa1079ae0 .array/s "in_r", 31 0, 31 0;
v0xaa1079b80_0 .var "k", 4 0;
v0xaa1079c20 .array/s "out_l", 31 0, 31 0;
v0xaa1079cc0 .array/s "out_r", 31 0, 31 0;
v0xaa1079d60 .array/s "out_tap", 15 0, 31 0;
v0xaa1079e00_0 .var "running", 0 0;
v0xaa1079ea0_0 .var "st", 3 0;
v0xaa1079f40_0 .net "start_block", 0 0, v0xaa107ac60_0;  1 drivers
v0xaa1079fe0_0 .net "state_reset", 0 0, v0xaa107ad00_0;  1 drivers
v0xaa107a080_0 .var "t", 4 0;
v0xaa107a120 .array/s "wet_l", 31 0, 31 0;
v0xaa107a1c0 .array/s "wet_r", 31 0, 31 0;
E_0xaa105d0c0 .event posedge, v0xaa1079400_0;
E_0xaa105d100/0 .event anyedge, v0xaa1079e00_0, v0xaa1079ea0_0, v0xaa10794a0_0, v0xaa107a080_0;
v0xaa1078dc0_0 .array/port v0xaa1078dc0, 0;
v0xaa1078dc0_1 .array/port v0xaa1078dc0, 1;
v0xaa1078dc0_2 .array/port v0xaa1078dc0, 2;
v0xaa1078dc0_3 .array/port v0xaa1078dc0, 3;
E_0xaa105d100/1 .event anyedge, v0xaa1078dc0_0, v0xaa1078dc0_1, v0xaa1078dc0_2, v0xaa1078dc0_3;
v0xaa1078dc0_4 .array/port v0xaa1078dc0, 4;
v0xaa1078dc0_5 .array/port v0xaa1078dc0, 5;
v0xaa1078dc0_6 .array/port v0xaa1078dc0, 6;
v0xaa1078dc0_7 .array/port v0xaa1078dc0, 7;
E_0xaa105d100/2 .event anyedge, v0xaa1078dc0_4, v0xaa1078dc0_5, v0xaa1078dc0_6, v0xaa1078dc0_7;
v0xaa1078dc0_8 .array/port v0xaa1078dc0, 8;
v0xaa1078dc0_9 .array/port v0xaa1078dc0, 9;
v0xaa1078dc0_10 .array/port v0xaa1078dc0, 10;
v0xaa1078dc0_11 .array/port v0xaa1078dc0, 11;
E_0xaa105d100/3 .event anyedge, v0xaa1078dc0_8, v0xaa1078dc0_9, v0xaa1078dc0_10, v0xaa1078dc0_11;
v0xaa1078dc0_12 .array/port v0xaa1078dc0, 12;
v0xaa1078dc0_13 .array/port v0xaa1078dc0, 13;
v0xaa1078dc0_14 .array/port v0xaa1078dc0, 14;
v0xaa1078dc0_15 .array/port v0xaa1078dc0, 15;
E_0xaa105d100/4 .event anyedge, v0xaa1078dc0_12, v0xaa1078dc0_13, v0xaa1078dc0_14, v0xaa1078dc0_15;
v0xaa1079a40_0 .array/port v0xaa1079a40, 0;
E_0xaa105d100/5 .event anyedge, v0xaa1079540_0, v0xaa1079220_0, v0xaa1079b80_0, v0xaa1079a40_0;
v0xaa1079a40_1 .array/port v0xaa1079a40, 1;
v0xaa1079a40_2 .array/port v0xaa1079a40, 2;
v0xaa1079a40_3 .array/port v0xaa1079a40, 3;
v0xaa1079a40_4 .array/port v0xaa1079a40, 4;
E_0xaa105d100/6 .event anyedge, v0xaa1079a40_1, v0xaa1079a40_2, v0xaa1079a40_3, v0xaa1079a40_4;
v0xaa1079a40_5 .array/port v0xaa1079a40, 5;
v0xaa1079a40_6 .array/port v0xaa1079a40, 6;
v0xaa1079a40_7 .array/port v0xaa1079a40, 7;
v0xaa1079a40_8 .array/port v0xaa1079a40, 8;
E_0xaa105d100/7 .event anyedge, v0xaa1079a40_5, v0xaa1079a40_6, v0xaa1079a40_7, v0xaa1079a40_8;
v0xaa1079a40_9 .array/port v0xaa1079a40, 9;
v0xaa1079a40_10 .array/port v0xaa1079a40, 10;
v0xaa1079a40_11 .array/port v0xaa1079a40, 11;
v0xaa1079a40_12 .array/port v0xaa1079a40, 12;
E_0xaa105d100/8 .event anyedge, v0xaa1079a40_9, v0xaa1079a40_10, v0xaa1079a40_11, v0xaa1079a40_12;
v0xaa1079a40_13 .array/port v0xaa1079a40, 13;
v0xaa1079a40_14 .array/port v0xaa1079a40, 14;
v0xaa1079a40_15 .array/port v0xaa1079a40, 15;
v0xaa1079a40_16 .array/port v0xaa1079a40, 16;
E_0xaa105d100/9 .event anyedge, v0xaa1079a40_13, v0xaa1079a40_14, v0xaa1079a40_15, v0xaa1079a40_16;
v0xaa1079a40_17 .array/port v0xaa1079a40, 17;
v0xaa1079a40_18 .array/port v0xaa1079a40, 18;
v0xaa1079a40_19 .array/port v0xaa1079a40, 19;
v0xaa1079a40_20 .array/port v0xaa1079a40, 20;
E_0xaa105d100/10 .event anyedge, v0xaa1079a40_17, v0xaa1079a40_18, v0xaa1079a40_19, v0xaa1079a40_20;
v0xaa1079a40_21 .array/port v0xaa1079a40, 21;
v0xaa1079a40_22 .array/port v0xaa1079a40, 22;
v0xaa1079a40_23 .array/port v0xaa1079a40, 23;
v0xaa1079a40_24 .array/port v0xaa1079a40, 24;
E_0xaa105d100/11 .event anyedge, v0xaa1079a40_21, v0xaa1079a40_22, v0xaa1079a40_23, v0xaa1079a40_24;
v0xaa1079a40_25 .array/port v0xaa1079a40, 25;
v0xaa1079a40_26 .array/port v0xaa1079a40, 26;
v0xaa1079a40_27 .array/port v0xaa1079a40, 27;
v0xaa1079a40_28 .array/port v0xaa1079a40, 28;
E_0xaa105d100/12 .event anyedge, v0xaa1079a40_25, v0xaa1079a40_26, v0xaa1079a40_27, v0xaa1079a40_28;
v0xaa1079a40_29 .array/port v0xaa1079a40, 29;
v0xaa1079a40_30 .array/port v0xaa1079a40, 30;
v0xaa1079a40_31 .array/port v0xaa1079a40, 31;
v0xaa1079ae0_0 .array/port v0xaa1079ae0, 0;
E_0xaa105d100/13 .event anyedge, v0xaa1079a40_29, v0xaa1079a40_30, v0xaa1079a40_31, v0xaa1079ae0_0;
v0xaa1079ae0_1 .array/port v0xaa1079ae0, 1;
v0xaa1079ae0_2 .array/port v0xaa1079ae0, 2;
v0xaa1079ae0_3 .array/port v0xaa1079ae0, 3;
v0xaa1079ae0_4 .array/port v0xaa1079ae0, 4;
E_0xaa105d100/14 .event anyedge, v0xaa1079ae0_1, v0xaa1079ae0_2, v0xaa1079ae0_3, v0xaa1079ae0_4;
v0xaa1079ae0_5 .array/port v0xaa1079ae0, 5;
v0xaa1079ae0_6 .array/port v0xaa1079ae0, 6;
v0xaa1079ae0_7 .array/port v0xaa1079ae0, 7;
v0xaa1079ae0_8 .array/port v0xaa1079ae0, 8;
E_0xaa105d100/15 .event anyedge, v0xaa1079ae0_5, v0xaa1079ae0_6, v0xaa1079ae0_7, v0xaa1079ae0_8;
v0xaa1079ae0_9 .array/port v0xaa1079ae0, 9;
v0xaa1079ae0_10 .array/port v0xaa1079ae0, 10;
v0xaa1079ae0_11 .array/port v0xaa1079ae0, 11;
v0xaa1079ae0_12 .array/port v0xaa1079ae0, 12;
E_0xaa105d100/16 .event anyedge, v0xaa1079ae0_9, v0xaa1079ae0_10, v0xaa1079ae0_11, v0xaa1079ae0_12;
v0xaa1079ae0_13 .array/port v0xaa1079ae0, 13;
v0xaa1079ae0_14 .array/port v0xaa1079ae0, 14;
v0xaa1079ae0_15 .array/port v0xaa1079ae0, 15;
v0xaa1079ae0_16 .array/port v0xaa1079ae0, 16;
E_0xaa105d100/17 .event anyedge, v0xaa1079ae0_13, v0xaa1079ae0_14, v0xaa1079ae0_15, v0xaa1079ae0_16;
v0xaa1079ae0_17 .array/port v0xaa1079ae0, 17;
v0xaa1079ae0_18 .array/port v0xaa1079ae0, 18;
v0xaa1079ae0_19 .array/port v0xaa1079ae0, 19;
v0xaa1079ae0_20 .array/port v0xaa1079ae0, 20;
E_0xaa105d100/18 .event anyedge, v0xaa1079ae0_17, v0xaa1079ae0_18, v0xaa1079ae0_19, v0xaa1079ae0_20;
v0xaa1079ae0_21 .array/port v0xaa1079ae0, 21;
v0xaa1079ae0_22 .array/port v0xaa1079ae0, 22;
v0xaa1079ae0_23 .array/port v0xaa1079ae0, 23;
v0xaa1079ae0_24 .array/port v0xaa1079ae0, 24;
E_0xaa105d100/19 .event anyedge, v0xaa1079ae0_21, v0xaa1079ae0_22, v0xaa1079ae0_23, v0xaa1079ae0_24;
v0xaa1079ae0_25 .array/port v0xaa1079ae0, 25;
v0xaa1079ae0_26 .array/port v0xaa1079ae0, 26;
v0xaa1079ae0_27 .array/port v0xaa1079ae0, 27;
v0xaa1079ae0_28 .array/port v0xaa1079ae0, 28;
E_0xaa105d100/20 .event anyedge, v0xaa1079ae0_25, v0xaa1079ae0_26, v0xaa1079ae0_27, v0xaa1079ae0_28;
v0xaa1079ae0_29 .array/port v0xaa1079ae0, 29;
v0xaa1079ae0_30 .array/port v0xaa1079ae0, 30;
v0xaa1079ae0_31 .array/port v0xaa1079ae0, 31;
v0xaa1078d20_0 .array/port v0xaa1078d20, 0;
E_0xaa105d100/21 .event anyedge, v0xaa1079ae0_29, v0xaa1079ae0_30, v0xaa1079ae0_31, v0xaa1078d20_0;
v0xaa1078d20_1 .array/port v0xaa1078d20, 1;
v0xaa1078d20_2 .array/port v0xaa1078d20, 2;
v0xaa1078d20_3 .array/port v0xaa1078d20, 3;
v0xaa1078d20_4 .array/port v0xaa1078d20, 4;
E_0xaa105d100/22 .event anyedge, v0xaa1078d20_1, v0xaa1078d20_2, v0xaa1078d20_3, v0xaa1078d20_4;
v0xaa1078d20_5 .array/port v0xaa1078d20, 5;
v0xaa1078d20_6 .array/port v0xaa1078d20, 6;
v0xaa1078d20_7 .array/port v0xaa1078d20, 7;
v0xaa1078d20_8 .array/port v0xaa1078d20, 8;
E_0xaa105d100/23 .event anyedge, v0xaa1078d20_5, v0xaa1078d20_6, v0xaa1078d20_7, v0xaa1078d20_8;
v0xaa1078d20_9 .array/port v0xaa1078d20, 9;
v0xaa1078d20_10 .array/port v0xaa1078d20, 10;
v0xaa1078d20_11 .array/port v0xaa1078d20, 11;
v0xaa1078d20_12 .array/port v0xaa1078d20, 12;
E_0xaa105d100/24 .event anyedge, v0xaa1078d20_9, v0xaa1078d20_10, v0xaa1078d20_11, v0xaa1078d20_12;
v0xaa1078d20_13 .array/port v0xaa1078d20, 13;
v0xaa1078d20_14 .array/port v0xaa1078d20, 14;
v0xaa1078d20_15 .array/port v0xaa1078d20, 15;
E_0xaa105d100/25 .event anyedge, v0xaa1078d20_13, v0xaa1078d20_14, v0xaa1078d20_15, v0xaa10799a0_0;
v0xaa1079d60_0 .array/port v0xaa1079d60, 0;
v0xaa1079d60_1 .array/port v0xaa1079d60, 1;
v0xaa1079d60_2 .array/port v0xaa1079d60, 2;
v0xaa1079d60_3 .array/port v0xaa1079d60, 3;
E_0xaa105d100/26 .event anyedge, v0xaa1079d60_0, v0xaa1079d60_1, v0xaa1079d60_2, v0xaa1079d60_3;
v0xaa1079d60_4 .array/port v0xaa1079d60, 4;
v0xaa1079d60_5 .array/port v0xaa1079d60, 5;
v0xaa1079d60_6 .array/port v0xaa1079d60, 6;
v0xaa1079d60_7 .array/port v0xaa1079d60, 7;
E_0xaa105d100/27 .event anyedge, v0xaa1079d60_4, v0xaa1079d60_5, v0xaa1079d60_6, v0xaa1079d60_7;
v0xaa1079d60_8 .array/port v0xaa1079d60, 8;
v0xaa1079d60_9 .array/port v0xaa1079d60, 9;
v0xaa1079d60_10 .array/port v0xaa1079d60, 10;
v0xaa1079d60_11 .array/port v0xaa1079d60, 11;
E_0xaa105d100/28 .event anyedge, v0xaa1079d60_8, v0xaa1079d60_9, v0xaa1079d60_10, v0xaa1079d60_11;
v0xaa1079d60_12 .array/port v0xaa1079d60, 12;
v0xaa1079d60_13 .array/port v0xaa1079d60, 13;
v0xaa1079d60_14 .array/port v0xaa1079d60, 14;
v0xaa1079d60_15 .array/port v0xaa1079d60, 15;
E_0xaa105d100/29 .event anyedge, v0xaa1079d60_12, v0xaa1079d60_13, v0xaa1079d60_14, v0xaa1079d60_15;
E_0xaa105d100 .event/or E_0xaa105d100/0, E_0xaa105d100/1, E_0xaa105d100/2, E_0xaa105d100/3, E_0xaa105d100/4, E_0xaa105d100/5, E_0xaa105d100/6, E_0xaa105d100/7, E_0xaa105d100/8, E_0xaa105d100/9, E_0xaa105d100/10, E_0xaa105d100/11, E_0xaa105d100/12, E_0xaa105d100/13, E_0xaa105d100/14, E_0xaa105d100/15, E_0xaa105d100/16, E_0xaa105d100/17, E_0xaa105d100/18, E_0xaa105d100/19, E_0xaa105d100/20, E_0xaa105d100/21, E_0xaa105d100/22, E_0xaa105d100/23, E_0xaa105d100/24, E_0xaa105d100/25, E_0xaa105d100/26, E_0xaa105d100/27, E_0xaa105d100/28, E_0xaa105d100/29;
S_0x1012a0590 .scope autotask, "biq_stage" "biq_stage" 4 295, 4 295 0, S_0x1012abca0;
 .timescale -9 -12;
v0x1012b4fd0_0 .var/s "a1", 31 0;
v0x1012a0710_0 .var/s "a2", 31 0;
v0x1012a07b0_0 .var/s "b0", 31 0;
v0x1012b5570_0 .var/s "b1", 31 0;
v0x1012b5610_0 .var/s "b2", 31 0;
v0x1012b56b0_0 .var/s "nr0", 127 0;
v0x1012b5750_0 .var/s "nr1", 127 0;
v0xaa1078000_0 .var/s "op", 127 0;
v0xaa10780a0_0 .var/s "x", 31 0;
v0xaa1078140_0 .var/s "y", 127 0;
TD_tb_reverb1.core.biq_stage ;
    %load/vec4 v0xaa1079360_0;
    %flag_set/vec4 8;
    %jmp/0 T_0.0, 8;
    %load/vec4 v0xaa1079b80_0;
    %pad/u 7;
    %ix/vec4 4;
    %load/vec4a v0xaa107a1c0, 4;
    %jmp/1 T_0.1, 8;
T_0.0 ; End of true expr.
    %load/vec4 v0xaa1079b80_0;
    %pad/u 7;
    %ix/vec4 4;
    %load/vec4a v0xaa107a120, 4;
    %jmp/0 T_0.1, 8;
 ; End of false expr.
    %blend;
T_0.1;
    %store/vec4 v0xaa10780a0_0, 0, 32;
    %load/vec4 v0xaa1078820_0;
    %pad/u 32;
    %cmpi/e 0, 0, 32;
    %flag_mov 8, 4;
    %jmp/0 T_0.2, 8;
    %ix/load 4, 0, 0;
    %flag_set/imm 4, 0;
    %load/vec4a v0xaa1078b40, 4;
    %jmp/1 T_0.3, 8;
T_0.2 ; End of true expr.
    %load/vec4 v0xaa1078820_0;
    %pad/u 32;
    %cmpi/e 1, 0, 32;
    %flag_mov 9, 4;
    %jmp/0 T_0.4, 9;
    %ix/load 4, 0, 0;
    %flag_set/imm 4, 0;
    %load/vec4a v0xaa1078a00, 4;
    %jmp/1 T_0.5, 9;
T_0.4 ; End of true expr.
    %ix/load 4, 0, 0;
    %flag_set/imm 4, 0;
    %load/vec4a v0xaa1078aa0, 4;
    %jmp/0 T_0.5, 9;
 ; End of false expr.
    %blend;
T_0.5;
    %jmp/0 T_0.3, 8;
 ; End of false expr.
    %blend;
T_0.3;
    %store/vec4 v0x1012a07b0_0, 0, 32;
    %load/vec4 v0xaa1078820_0;
    %pad/u 32;
    %cmpi/e 0, 0, 32;
    %flag_mov 8, 4;
    %jmp/0 T_0.6, 8;
    %ix/load 4, 1, 0;
    %flag_set/imm 4, 0;
    %load/vec4a v0xaa1078b40, 4;
    %jmp/1 T_0.7, 8;
T_0.6 ; End of true expr.
    %load/vec4 v0xaa1078820_0;
    %pad/u 32;
    %cmpi/e 1, 0, 32;
    %flag_mov 9, 4;
    %jmp/0 T_0.8, 9;
    %ix/load 4, 1, 0;
    %flag_set/imm 4, 0;
    %load/vec4a v0xaa1078a00, 4;
    %jmp/1 T_0.9, 9;
T_0.8 ; End of true expr.
    %ix/load 4, 1, 0;
    %flag_set/imm 4, 0;
    %load/vec4a v0xaa1078aa0, 4;
    %jmp/0 T_0.9, 9;
 ; End of false expr.
    %blend;
T_0.9;
    %jmp/0 T_0.7, 8;
 ; End of false expr.
    %blend;
T_0.7;
    %store/vec4 v0x1012b5570_0, 0, 32;
    %load/vec4 v0xaa1078820_0;
    %pad/u 32;
    %cmpi/e 0, 0, 32;
    %flag_mov 8, 4;
    %jmp/0 T_0.10, 8;
    %ix/load 4, 2, 0;
    %flag_set/imm 4, 0;
    %load/vec4a v0xaa1078b40, 4;
    %jmp/1 T_0.11, 8;
T_0.10 ; End of true expr.
    %load/vec4 v0xaa1078820_0;
    %pad/u 32;
    %cmpi/e 1, 0, 32;
    %flag_mov 9, 4;
    %jmp/0 T_0.12, 9;
    %ix/load 4, 2, 0;
    %flag_set/imm 4, 0;
    %load/vec4a v0xaa1078a00, 4;
    %jmp/1 T_0.13, 9;
T_0.12 ; End of true expr.
    %ix/load 4, 2, 0;
    %flag_set/imm 4, 0;
    %load/vec4a v0xaa1078aa0, 4;
    %jmp/0 T_0.13, 9;
 ; End of false expr.
    %blend;
T_0.13;
    %jmp/0 T_0.11, 8;
 ; End of false expr.
    %blend;
T_0.11;
    %store/vec4 v0x1012b5610_0, 0, 32;
    %load/vec4 v0xaa1078820_0;
    %pad/u 32;
    %cmpi/e 0, 0, 32;
    %flag_mov 8, 4;
    %jmp/0 T_0.14, 8;
    %ix/load 4, 3, 0;
    %flag_set/imm 4, 0;
    %load/vec4a v0xaa1078b40, 4;
    %jmp/1 T_0.15, 8;
T_0.14 ; End of true expr.
    %load/vec4 v0xaa1078820_0;
    %pad/u 32;
    %cmpi/e 1, 0, 32;
    %flag_mov 9, 4;
    %jmp/0 T_0.16, 9;
    %ix/load 4, 3, 0;
    %flag_set/imm 4, 0;
    %load/vec4a v0xaa1078a00, 4;
    %jmp/1 T_0.17, 9;
T_0.16 ; End of true expr.
    %ix/load 4, 3, 0;
    %flag_set/imm 4, 0;
    %load/vec4a v0xaa1078aa0, 4;
    %jmp/0 T_0.17, 9;
 ; End of false expr.
    %blend;
T_0.17;
    %jmp/0 T_0.15, 8;
 ; End of false expr.
    %blend;
T_0.15;
    %store/vec4 v0x1012b4fd0_0, 0, 32;
    %load/vec4 v0xaa1078820_0;
    %pad/u 32;
    %cmpi/e 0, 0, 32;
    %flag_mov 8, 4;
    %jmp/0 T_0.18, 8;
    %ix/load 4, 4, 0;
    %flag_set/imm 4, 0;
    %load/vec4a v0xaa1078b40, 4;
    %jmp/1 T_0.19, 8;
T_0.18 ; End of true expr.
    %load/vec4 v0xaa1078820_0;
    %pad/u 32;
    %cmpi/e 1, 0, 32;
    %flag_mov 9, 4;
    %jmp/0 T_0.20, 9;
    %ix/load 4, 4, 0;
    %flag_set/imm 4, 0;
    %load/vec4a v0xaa1078a00, 4;
    %jmp/1 T_0.21, 9;
T_0.20 ; End of true expr.
    %ix/load 4, 4, 0;
    %flag_set/imm 4, 0;
    %load/vec4a v0xaa1078aa0, 4;
    %jmp/0 T_0.21, 9;
 ; End of false expr.
    %blend;
T_0.21;
    %jmp/0 T_0.19, 8;
 ; End of false expr.
    %blend;
T_0.19;
    %store/vec4 v0x1012a0710_0, 0, 32;
    %load/vec4 v0xaa10780a0_0;
    %pad/s 128;
    %load/vec4 v0x1012a07b0_0;
    %pad/s 128;
    %mul;
    %load/vec4 v0xaa1078820_0;
    %pad/u 32;
    %muli 2, 0, 32;
    %load/vec4 v0xaa1079360_0;
    %pad/u 32;
    %add;
    %ix/vec4 4;
    %load/vec4a v0xaa1078960, 4;
    %pad/s 128;
    %add;
    %store/vec4 v0xaa1078000_0, 0, 128;
    %load/vec4 v0xaa10780a0_0;
    %pad/s 128;
    %load/vec4 v0x1012b5570_0;
    %pad/s 128;
    %mul;
    %pushi/vec4 6, 0, 32;
    %load/vec4 v0xaa1078820_0;
    %pad/u 32;
    %muli 2, 0, 32;
    %add;
    %load/vec4 v0xaa1079360_0;
    %pad/u 32;
    %add;
    %ix/vec4 4;
    %load/vec4a v0xaa1078960, 4;
    %pad/s 128;
    %add;
    %load/vec4 v0x1012b4fd0_0;
    %pad/s 128;
    %load/vec4 v0xaa1078000_0;
    %mul;
    %addi 268435456, 0, 128;
    %ix/load 4, 29, 0;
    %flag_set/imm 4, 0;
    %shiftr/s 4;
    %sub;
    %store/vec4 v0x1012b56b0_0, 0, 128;
    %load/vec4 v0xaa10780a0_0;
    %pad/s 128;
    %load/vec4 v0x1012b5610_0;
    %pad/s 128;
    %mul;
    %load/vec4 v0x1012a0710_0;
    %pad/s 128;
    %load/vec4 v0xaa1078000_0;
    %mul;
    %addi 268435456, 0, 128;
    %ix/load 4, 29, 0;
    %flag_set/imm 4, 0;
    %shiftr/s 4;
    %sub;
    %store/vec4 v0x1012b5750_0, 0, 128;
    %pushi/vec4 4294967295, 0, 81;
    %concati/vec4 4294967295, 0, 32;
    %concati/vec4 32767, 0, 15;
    %load/vec4 v0x1012b56b0_0;
    %cmp/s;
    %flag_or 5, 4;
    %jmp/1 T_0.24, 5;
    %flag_mov 8, 5;
    %load/vec4 v0x1012b56b0_0;
    %pushi/vec4 4294967295, 0, 32;
    %concati/vec4 4294934528, 0, 32;
    %concati/vec4 0, 0, 64;
    %cmp/s;
    %flag_or 5, 4;
    %flag_or 5, 8;
T_0.24;
    %jmp/0xz  T_0.22, 5;
    %vpi_call/w 4 314 "$fatal", 32'sb00000000000000000000000000000001, "biquad reg0 overflow bi=%0d ch=%0d", v0xaa1078820_0, v0xaa1079360_0 {0 0 0};
T_0.22 ;
    %pushi/vec4 4294967295, 0, 81;
    %concati/vec4 4294967295, 0, 32;
    %concati/vec4 32767, 0, 15;
    %load/vec4 v0x1012b5750_0;
    %cmp/s;
    %flag_or 5, 4;
    %jmp/1 T_0.27, 5;
    %flag_mov 8, 5;
    %load/vec4 v0x1012b5750_0;
    %pushi/vec4 4294967295, 0, 32;
    %concati/vec4 4294934528, 0, 32;
    %concati/vec4 0, 0, 64;
    %cmp/s;
    %flag_or 5, 4;
    %flag_or 5, 8;
T_0.27;
    %jmp/0xz  T_0.25, 5;
    %vpi_call/w 4 316 "$fatal", 32'sb00000000000000000000000000000001, "biquad reg1 overflow bi=%0d ch=%0d", v0xaa1078820_0, v0xaa1079360_0 {0 0 0};
T_0.25 ;
    %load/vec4 v0x1012b56b0_0;
    %pad/s 80;
    %load/vec4 v0xaa1078820_0;
    %pad/u 32;
    %muli 2, 0, 32;
    %load/vec4 v0xaa1079360_0;
    %pad/u 32;
    %add;
    %ix/vec4 4;
    %store/vec4a v0xaa1078960, 4, 0;
    %load/vec4 v0x1012b5750_0;
    %pad/s 80;
    %pushi/vec4 6, 0, 32;
    %load/vec4 v0xaa1078820_0;
    %pad/u 32;
    %muli 2, 0, 32;
    %add;
    %load/vec4 v0xaa1079360_0;
    %pad/u 32;
    %add;
    %ix/vec4 4;
    %store/vec4a v0xaa1078960, 4, 0;
    %alloc S_0x1012b49f0;
    %load/vec4 v0xaa1078000_0;
    %pushi/vec4 29, 0, 32;
    %store/vec4 v0xaa1078280_0, 0, 32;
    %store/vec4 v0xaa1078460_0, 0, 128;
    %callf/vec4 TD_tb_reverb1.core.rndsat32, S_0x1012b49f0;
    %free S_0x1012b49f0;
    %pad/s 128;
    %store/vec4 v0xaa1078140_0, 0, 128;
    %load/vec4 v0xaa1079360_0;
    %flag_set/vec4 8;
    %jmp/0xz  T_0.28, 8;
    %load/vec4 v0xaa1078140_0;
    %pad/s 32;
    %load/vec4 v0xaa1079b80_0;
    %pad/u 7;
    %ix/vec4 4;
    %store/vec4a v0xaa107a1c0, 4, 0;
    %jmp T_0.29;
T_0.28 ;
    %load/vec4 v0xaa1078140_0;
    %pad/s 32;
    %load/vec4 v0xaa1079b80_0;
    %pad/u 7;
    %ix/vec4 4;
    %store/vec4a v0xaa107a120, 4, 0;
T_0.29 ;
    %end;
S_0x1012b4870 .scope autotask, "clear_state" "clear_state" 4 270, 4 270 0, S_0x1012abca0;
 .timescale -9 -12;
v0xaa10781e0_0 .var/i "ri", 31 0;
TD_tb_reverb1.core.clear_state ;
    %pushi/vec4 0, 0, 4;
    %assign/vec4 v0xaa1079ea0_0, 0;
    %pushi/vec4 0, 0, 1;
    %assign/vec4 v0xaa1079e00_0, 0;
    %pushi/vec4 0, 0, 15;
    %assign/vec4 v0xaa10794a0_0, 0;
    %pushi/vec4 0, 0, 32;
    %store/vec4 v0xaa10781e0_0, 0, 32;
T_1.30 ; Top of for-loop
    %load/vec4 v0xaa10781e0_0;
    %cmpi/s 16, 0, 32;
	  %jmp/0xz T_1.31, 5;
    %pushi/vec4 0, 0, 32;
    %ix/getv/s 3, v0xaa10781e0_0;
    %ix/load 4, 0, 0; Constant delay
    %assign/vec4/a/d v0xaa1079d60, 0, 4;
T_1.32 ; for-loop step statement
    ; show_stmt_assign_vector: Get l-value for compressed += operand
    %load/vec4 v0xaa10781e0_0;
    %pushi/vec4 1, 0, 32;
    %add;
    %store/vec4 v0xaa10781e0_0, 0, 32;
    %jmp T_1.30;
T_1.31 ; for-loop exit label
    %pushi/vec4 0, 0, 32;
    %store/vec4 v0xaa10781e0_0, 0, 32;
T_1.33 ; Top of for-loop
    %load/vec4 v0xaa10781e0_0;
    %cmpi/s 12, 0, 32;
	  %jmp/0xz T_1.34, 5;
    %pushi/vec4 0, 0, 80;
    %ix/getv/s 3, v0xaa10781e0_0;
    %ix/load 4, 0, 0; Constant delay
    %assign/vec4/a/d v0xaa1078960, 0, 4;
T_1.35 ; for-loop step statement
    ; show_stmt_assign_vector: Get l-value for compressed += operand
    %load/vec4 v0xaa10781e0_0;
    %pushi/vec4 1, 0, 32;
    %add;
    %store/vec4 v0xaa10781e0_0, 0, 32;
    %jmp T_1.33;
T_1.34 ; for-loop exit label
    %pushi/vec4 0, 0, 1;
    %assign/vec4 v0xaa10788c0_0, 0;
    %pushi/vec4 0, 0, 5;
    %assign/vec4 v0xaa1079b80_0, 0;
    %pushi/vec4 0, 0, 5;
    %assign/vec4 v0xaa107a080_0, 0;
    %pushi/vec4 0, 0, 3;
    %assign/vec4 v0xaa1078820_0, 0;
    %pushi/vec4 0, 0, 1;
    %assign/vec4 v0xaa1079360_0, 0;
    %pushi/vec4 0, 0, 37;
    %assign/vec4 v0xaa1079900_0, 0;
    %pushi/vec4 0, 0, 32;
    %store/vec4 v0xaa10781e0_0, 0, 32;
T_1.36 ; Top of for-loop
    %load/vec4 v0xaa10781e0_0;
    %cmpi/s 32, 0, 32;
	  %jmp/0xz T_1.37, 5;
    %pushi/vec4 0, 0, 32;
    %ix/getv/s 3, v0xaa10781e0_0;
    %ix/load 4, 0, 0; Constant delay
    %assign/vec4/a/d v0xaa107a120, 0, 4;
    %pushi/vec4 0, 0, 32;
    %ix/getv/s 3, v0xaa10781e0_0;
    %ix/load 4, 0, 0; Constant delay
    %assign/vec4/a/d v0xaa107a1c0, 0, 4;
T_1.38 ; for-loop step statement
    ; show_stmt_assign_vector: Get l-value for compressed += operand
    %load/vec4 v0xaa10781e0_0;
    %pushi/vec4 1, 0, 32;
    %add;
    %store/vec4 v0xaa10781e0_0, 0, 32;
    %jmp T_1.36;
T_1.37 ; for-loop exit label
    %end;
S_0x1012b49f0 .scope autofunction.vec4.u32, "rndsat32" "rndsat32" 4 121, 4 121 0, S_0x1012abca0;
 .timescale -9 -12;
v0xaa1078280_0 .var/2s "f", 31 0;
v0xaa1078320_0 .var/s "r", 127 0;
; Variable rndsat32 is vec4 return value of scope S_0x1012b49f0
v0xaa1078460_0 .var/s "x", 127 0;
TD_tb_reverb1.core.rndsat32 ;
    %load/vec4 v0xaa1078460_0;
    %pushi/vec4 1, 0, 128;
    %load/vec4 v0xaa1078280_0;
    %subi 1, 0, 32;
    %ix/vec4 4;
    %shiftl 4;
    %add;
    %load/vec4 v0xaa1078280_0;
    %ix/vec4 4;
    %shiftr/s 4;
    %store/vec4 v0xaa1078320_0, 0, 128;
    %alloc S_0x1012b4170;
    %load/vec4 v0xaa1078320_0;
    %store/vec4 v0xaa10785a0_0, 0, 128;
    %callf/vec4 TD_tb_reverb1.core.sat32, S_0x1012b4170;
    %free S_0x1012b4170;
    %ret/vec4 0, 0, 32;  Assign to rndsat32 (store_vec4_to_lval)
    %end;
S_0x1012b4170 .scope autofunction.vec4.u32, "sat32" "sat32" 4 114, 4 114 0, S_0x1012abca0;
 .timescale -9 -12;
; Variable sat32 is vec4 return value of scope S_0x1012b4170
v0xaa10785a0_0 .var/s "v", 127 0;
TD_tb_reverb1.core.sat32 ;
    %load/vec4 v0xaa10785a0_0;
    %cmpi/s 2147483647, 0, 128;
    %flag_or 5, 4; GT is !LE
    %flag_inv 5;
    %jmp/0xz  T_3.39, 5;
    %pushi/vec4 2147483647, 0, 32;
    %ret/vec4 0, 0, 32;  Assign to sat32 (store_vec4_to_lval)
    %jmp T_3.40;
T_3.39 ;
    %load/vec4 v0xaa10785a0_0;
    %pushi/vec4 4294967295, 0, 32;
    %concati/vec4 4294967295, 0, 32;
    %concati/vec4 4294967295, 0, 32;
    %concati/vec4 2147483648, 0, 32;
    %cmp/s;
    %jmp/0xz  T_3.41, 5;
    %pushi/vec4 2147483648, 0, 32;
    %ret/vec4 0, 0, 32;  Assign to sat32 (store_vec4_to_lval)
    %jmp T_3.42;
T_3.41 ;
    %load/vec4 v0xaa10785a0_0;
    %parti/s 32, 0, 2;
    %ret/vec4 0, 0, 32;  Assign to sat32 (store_vec4_to_lval)
T_3.42 ;
T_3.40 ;
    %end;
S_0x1012b42f0 .scope autotask, "width_stage" "width_stage" 4 324, 4 324 0, S_0x1012abca0;
 .timescale -9 -12;
v0xaa1078640_0 .var/s "mid", 33 0;
v0xaa10786e0_0 .var/s "p", 127 0;
v0xaa1078780_0 .var/s "sd", 33 0;
TD_tb_reverb1.core.width_stage ;
    %load/vec4 v0xaa1079b80_0;
    %pad/u 7;
    %ix/vec4 4;
    %load/vec4a v0xaa107a120, 4;
    %pad/s 34;
    %load/vec4 v0xaa1079b80_0;
    %pad/u 7;
    %ix/vec4 4;
    %load/vec4a v0xaa107a1c0, 4;
    %pad/s 34;
    %add;
    %ix/load 4, 1, 0;
    %flag_set/imm 4, 0;
    %shiftr/s 4;
    %store/vec4 v0xaa1078640_0, 0, 34;
    %load/vec4 v0xaa1079b80_0;
    %pad/u 7;
    %ix/vec4 4;
    %load/vec4a v0xaa107a120, 4;
    %pad/s 128;
    %load/vec4 v0xaa1079b80_0;
    %pad/u 7;
    %ix/vec4 4;
    %load/vec4a v0xaa107a1c0, 4;
    %pad/s 128;
    %sub;
    %ix/load 4, 1, 0;
    %flag_set/imm 4, 0;
    %shiftr/s 4;
    %load/vec4 v0xaa10792c0_0;
    %pad/s 128;
    %mul;
    %store/vec4 v0xaa10786e0_0, 0, 128;
    %alloc S_0x1012b49f0;
    %load/vec4 v0xaa10786e0_0;
    %pushi/vec4 30, 0, 32;
    %store/vec4 v0xaa1078280_0, 0, 32;
    %store/vec4 v0xaa1078460_0, 0, 128;
    %callf/vec4 TD_tb_reverb1.core.rndsat32, S_0x1012b49f0;
    %free S_0x1012b49f0;
    %pad/s 34;
    %store/vec4 v0xaa1078780_0, 0, 34;
    %alloc S_0x1012b4170;
    %load/vec4 v0xaa1078640_0;
    %pad/s 128;
    %load/vec4 v0xaa1078780_0;
    %pad/s 128;
    %add;
    %store/vec4 v0xaa10785a0_0, 0, 128;
    %callf/vec4 TD_tb_reverb1.core.sat32, S_0x1012b4170;
    %free S_0x1012b4170;
    %load/vec4 v0xaa1079b80_0;
    %pad/u 7;
    %ix/vec4 4;
    %store/vec4a v0xaa107a120, 4, 0;
    %alloc S_0x1012b4170;
    %load/vec4 v0xaa1078640_0;
    %pad/s 128;
    %load/vec4 v0xaa1078780_0;
    %pad/s 128;
    %sub;
    %store/vec4 v0xaa10785a0_0, 0, 128;
    %callf/vec4 TD_tb_reverb1.core.sat32, S_0x1012b4170;
    %free S_0x1012b4170;
    %load/vec4 v0xaa1079b80_0;
    %pad/u 7;
    %ix/vec4 4;
    %store/vec4a v0xaa107a1c0, 4, 0;
    %end;
S_0x1012b6570 .scope autotask, "dump_checkpoint" "dump_checkpoint" 3 141, 3 141 0, S_0x1012abb20;
 .timescale -9 -12;
v0xaa107a260_0 .var/i "blk", 31 0;
TD_tb_reverb1.dump_checkpoint ;
    %vpi_call/w 3 142 "$fwrite", v0xaa107a940_0, "T %0d %0d", v0xaa107a260_0, v0xaa10794a0_0 {0 0 0};
    %pushi/vec4 0, 0, 32;
    %store/vec4 v0xaa107aa80_0, 0, 32;
T_5.43 ; Top of for-loop
    %load/vec4 v0xaa107aa80_0;
    %cmpi/s 16, 0, 32;
	  %jmp/0xz T_5.44, 5;
    %vpi_call/w 3 143 "$fwrite", v0xaa107a940_0, " %0d", &A<v0xaa1079d60, v0xaa107aa80_0 > {0 0 0};
T_5.45 ; for-loop step statement
    ; show_stmt_assign_vector: Get l-value for compressed += operand
    %load/vec4 v0xaa107aa80_0;
    %pushi/vec4 1, 0, 32;
    %add;
    %store/vec4 v0xaa107aa80_0, 0, 32;
    %jmp T_5.43;
T_5.44 ; for-loop exit label
    %pushi/vec4 0, 0, 32;
    %store/vec4 v0xaa107aa80_0, 0, 32;
T_5.46 ; Top of for-loop
    %load/vec4 v0xaa107aa80_0;
    %cmpi/s 12, 0, 32;
	  %jmp/0xz T_5.47, 5;
    %vpi_call/w 3 144 "$fwrite", v0xaa107a940_0, " %0d", &A<v0xaa1078960, v0xaa107aa80_0 > {0 0 0};
T_5.48 ; for-loop step statement
    ; show_stmt_assign_vector: Get l-value for compressed += operand
    %load/vec4 v0xaa107aa80_0;
    %pushi/vec4 1, 0, 32;
    %add;
    %store/vec4 v0xaa107aa80_0, 0, 32;
    %jmp T_5.46;
T_5.47 ; for-loop exit label
    %vpi_call/w 3 145 "$fwrite", v0xaa107a940_0, "\012" {0 0 0};
    %vpi_call/w 3 146 "$fwrite", v0xaa107a940_0, "O %0d", v0xaa107a260_0 {0 0 0};
    %pushi/vec4 0, 0, 32;
    %store/vec4 v0xaa107aa80_0, 0, 32;
T_5.49 ; Top of for-loop
    %load/vec4 v0xaa107aa80_0;
    %cmpi/s 32, 0, 32;
	  %jmp/0xz T_5.50, 5;
    %vpi_call/w 3 147 "$fwrite", v0xaa107a940_0, " %0d", &A<v0xaa1079c20, v0xaa107aa80_0 > {0 0 0};
T_5.51 ; for-loop step statement
    ; show_stmt_assign_vector: Get l-value for compressed += operand
    %load/vec4 v0xaa107aa80_0;
    %pushi/vec4 1, 0, 32;
    %add;
    %store/vec4 v0xaa107aa80_0, 0, 32;
    %jmp T_5.49;
T_5.50 ; for-loop exit label
    %pushi/vec4 0, 0, 32;
    %store/vec4 v0xaa107aa80_0, 0, 32;
T_5.52 ; Top of for-loop
    %load/vec4 v0xaa107aa80_0;
    %cmpi/s 32, 0, 32;
	  %jmp/0xz T_5.53, 5;
    %vpi_call/w 3 148 "$fwrite", v0xaa107a940_0, " %0d", &A<v0xaa1079cc0, v0xaa107aa80_0 > {0 0 0};
T_5.54 ; for-loop step statement
    ; show_stmt_assign_vector: Get l-value for compressed += operand
    %load/vec4 v0xaa107aa80_0;
    %pushi/vec4 1, 0, 32;
    %add;
    %store/vec4 v0xaa107aa80_0, 0, 32;
    %jmp T_5.52;
T_5.53 ; for-loop exit label
    %vpi_call/w 3 149 "$fwrite", v0xaa107a940_0, "\012" {0 0 0};
    %end;
    .scope S_0x1012abca0;
T_6 ;
    %pushi/vec4 0, 0, 4;
    %store/vec4 v0xaa1079ea0_0, 0, 4;
    %pushi/vec4 0, 0, 1;
    %store/vec4 v0xaa1079e00_0, 0, 1;
    %pushi/vec4 0, 0, 5;
    %store/vec4 v0xaa1079b80_0, 0, 5;
    %pushi/vec4 0, 0, 5;
    %store/vec4 v0xaa107a080_0, 0, 5;
    %pushi/vec4 0, 0, 3;
    %store/vec4 v0xaa1078820_0, 0, 3;
    %pushi/vec4 0, 0, 1;
    %store/vec4 v0xaa1079360_0, 0, 1;
    %pushi/vec4 0, 0, 37;
    %store/vec4 v0xaa1079900_0, 0, 37;
    %end;
    .thread T_6, $init;
    .scope S_0x1012abca0;
T_7 ;
    %wait E_0xaa105d100;
    %pushi/vec4 0, 0, 1;
    %store/vec4 v0xaa1079720_0, 0, 1;
    %pushi/vec4 0, 0, 1;
    %store/vec4 v0xaa1079860_0, 0, 1;
    %pushi/vec4 0, 0, 32;
    %store/vec4 v0xaa10795e0_0, 0, 32;
    %pushi/vec4 0, 0, 32;
    %store/vec4 v0xaa10797c0_0, 0, 32;
    %load/vec4 v0xaa1079e00_0;
    %flag_set/vec4 8;
    %jmp/0xz  T_7.0, 8;
    %load/vec4 v0xaa1079ea0_0;
    %dup/vec4;
    %pushi/vec4 1, 0, 4;
    %cmp/u;
    %jmp/1 T_7.2, 6;
    %dup/vec4;
    %pushi/vec4 2, 0, 4;
    %cmp/u;
    %jmp/1 T_7.3, 6;
    %dup/vec4;
    %pushi/vec4 3, 0, 4;
    %cmp/u;
    %jmp/1 T_7.4, 6;
    %dup/vec4;
    %pushi/vec4 4, 0, 4;
    %cmp/u;
    %jmp/1 T_7.5, 6;
    %jmp T_7.7;
T_7.2 ;
    %pushi/vec4 1, 0, 1;
    %store/vec4 v0xaa1079720_0, 0, 1;
    %pushi/vec4 0, 0, 1;
    %load/vec4 v0xaa10794a0_0;
    %concat/vec4; draw_concat_vec4
    %pad/s 32;
    %load/vec4 v0xaa107a080_0;
    %pad/u 6;
    %ix/vec4 4;
    %load/vec4a v0xaa1078dc0, 4;
    %ix/load 4, 8, 0;
    %flag_set/imm 4, 0;
    %shiftr/s 4;
    %sub;
    %store/vec4 v0xaa1079540_0, 0, 32;
    %load/vec4 v0xaa1079540_0;
    %pushi/vec4 32767, 0, 32;
    %and;
    %ix/load 4, 4, 0;
    %flag_set/imm 4, 0;
    %shiftl 4;
    %load/vec4 v0xaa107a080_0;
    %pad/u 32;
    %add;
    %store/vec4 v0xaa10795e0_0, 0, 32;
    %jmp T_7.7;
T_7.3 ;
    %pushi/vec4 1, 0, 1;
    %store/vec4 v0xaa1079720_0, 0, 1;
    %pushi/vec4 0, 0, 1;
    %load/vec4 v0xaa10794a0_0;
    %concat/vec4; draw_concat_vec4
    %pad/s 32;
    %load/vec4 v0xaa1079220_0;
    %sub;
    %store/vec4 v0xaa1079540_0, 0, 32;
    %pushi/vec4 524288, 0, 32;
    %load/vec4 v0xaa1079540_0;
    %pushi/vec4 32767, 0, 32;
    %and;
    %add;
    %store/vec4 v0xaa10795e0_0, 0, 32;
    %jmp T_7.7;
T_7.4 ;
    %pushi/vec4 1, 0, 1;
    %store/vec4 v0xaa1079720_0, 0, 1;
    %pushi/vec4 1, 0, 1;
    %store/vec4 v0xaa1079860_0, 0, 1;
    %pushi/vec4 524288, 0, 32;
    %load/vec4 v0xaa10794a0_0;
    %pad/u 32;
    %addi 1, 0, 32;
    %pushi/vec4 32767, 0, 32;
    %and;
    %add;
    %store/vec4 v0xaa10795e0_0, 0, 32;
    %alloc S_0x1012b4170;
    %load/vec4 v0xaa1079b80_0;
    %pad/u 7;
    %ix/vec4 4;
    %load/vec4a v0xaa1079a40, 4;
    %pad/s 128;
    %ix/load 4, 5, 0;
    %flag_set/imm 4, 0;
    %shiftl 4;
    %load/vec4 v0xaa1079b80_0;
    %pad/u 7;
    %ix/vec4 4;
    %load/vec4a v0xaa1079ae0, 4;
    %pad/s 128;
    %ix/load 4, 5, 0;
    %flag_set/imm 4, 0;
    %shiftl 4;
    %add;
    %ix/load 4, 1, 0;
    %flag_set/imm 4, 0;
    %shiftr/s 4;
    %store/vec4 v0xaa10785a0_0, 0, 128;
    %callf/vec4 TD_tb_reverb1.core.sat32, S_0x1012b4170;
    %free S_0x1012b4170;
    %store/vec4 v0xaa10797c0_0, 0, 32;
    %jmp T_7.7;
T_7.5 ;
    %pushi/vec4 1, 0, 1;
    %store/vec4 v0xaa1079720_0, 0, 1;
    %pushi/vec4 1, 0, 1;
    %store/vec4 v0xaa1079860_0, 0, 1;
    %load/vec4 v0xaa10794a0_0;
    %pad/u 32;
    %pushi/vec4 32767, 0, 32;
    %and;
    %ix/load 4, 4, 0;
    %flag_set/imm 4, 0;
    %shiftl 4;
    %load/vec4 v0xaa107a080_0;
    %pad/u 32;
    %add;
    %store/vec4 v0xaa10795e0_0, 0, 32;
    %alloc S_0x1012b49f0;
    %load/vec4 v0xaa107a080_0;
    %pad/u 6;
    %ix/vec4 4;
    %load/vec4a v0xaa1078d20, 4;
    %pad/s 128;
    %load/vec4 v0xaa10799a0_0;
    %pad/s 128;
    %load/vec4 v0xaa107a080_0;
    %pad/u 6;
    %ix/vec4 4;
    %load/vec4a v0xaa1079d60, 4;
    %pad/s 128;
    %add;
    %mul;
    %pushi/vec4 31, 0, 32;
    %store/vec4 v0xaa1078280_0, 0, 32;
    %store/vec4 v0xaa1078460_0, 0, 128;
    %callf/vec4 TD_tb_reverb1.core.rndsat32, S_0x1012b49f0;
    %free S_0x1012b49f0;
    %store/vec4 v0xaa10797c0_0, 0, 32;
    %jmp T_7.7;
T_7.7 ;
    %pop/vec4 1;
T_7.0 ;
    %jmp T_7;
    .thread T_7, $push;
    .scope S_0x1012abca0;
T_8 ;
    %wait E_0xaa105d0c0;
    %load/vec4 v0xaa1079fe0_0;
    %flag_set/vec4 8;
    %jmp/0xz  T_8.0, 8;
    %alloc S_0x1012b4870;
    %fork TD_tb_reverb1.core.clear_state, S_0x1012b4870;
    %join;
    %free S_0x1012b4870;
    %jmp T_8.1;
T_8.0 ;
    %pushi/vec4 0, 0, 1;
    %assign/vec4 v0xaa10788c0_0, 0;
    %load/vec4 v0xaa1079ea0_0;
    %dup/vec4;
    %pushi/vec4 0, 0, 4;
    %cmp/u;
    %jmp/1 T_8.2, 6;
    %dup/vec4;
    %pushi/vec4 1, 0, 4;
    %cmp/u;
    %jmp/1 T_8.3, 6;
    %dup/vec4;
    %pushi/vec4 2, 0, 4;
    %cmp/u;
    %jmp/1 T_8.4, 6;
    %dup/vec4;
    %pushi/vec4 3, 0, 4;
    %cmp/u;
    %jmp/1 T_8.5, 6;
    %dup/vec4;
    %pushi/vec4 4, 0, 4;
    %cmp/u;
    %jmp/1 T_8.6, 6;
    %dup/vec4;
    %pushi/vec4 5, 0, 4;
    %cmp/u;
    %jmp/1 T_8.7, 6;
    %dup/vec4;
    %pushi/vec4 6, 0, 4;
    %cmp/u;
    %jmp/1 T_8.8, 6;
    %dup/vec4;
    %pushi/vec4 7, 0, 4;
    %cmp/u;
    %jmp/1 T_8.9, 6;
    %dup/vec4;
    %pushi/vec4 8, 0, 4;
    %cmp/u;
    %jmp/1 T_8.10, 6;
    %pushi/vec4 0, 0, 4;
    %assign/vec4 v0xaa1079ea0_0, 0;
    %jmp T_8.12;
T_8.2 ;
    %load/vec4 v0xaa1079f40_0;
    %flag_set/vec4 8;
    %jmp/0xz  T_8.13, 8;
    %pushi/vec4 0, 0, 5;
    %assign/vec4 v0xaa1079b80_0, 0;
    %pushi/vec4 1, 0, 1;
    %assign/vec4 v0xaa1079e00_0, 0;
    %pushi/vec4 1, 0, 4;
    %assign/vec4 v0xaa1079ea0_0, 0;
T_8.13 ;
    %jmp T_8.12;
T_8.3 ;
    %load/vec4 v0xaa107a080_0;
    %pad/u 32;
    %cmpi/e 0, 0, 32;
    %jmp/0xz  T_8.15, 4;
    %alloc S_0x1012b49f0;
    %load/vec4 v0xaa1078be0_0;
    %pad/s 128;
    %ix/load 4, 0, 0;
    %flag_set/imm 4, 0;
    %load/vec4a v0xaa1079d60, 4;
    %pad/s 128;
    %mul;
    %load/vec4 v0xaa1078c80_0;
    %pad/s 128;
    %load/vec4 v0xaa1079680_0;
    %pad/s 128;
    %mul;
    %add;
    %pushi/vec4 31, 0, 32;
    %store/vec4 v0xaa1078280_0, 0, 32;
    %store/vec4 v0xaa1078460_0, 0, 128;
    %callf/vec4 TD_tb_reverb1.core.rndsat32, S_0x1012b49f0;
    %free S_0x1012b49f0;
    %pad/s 37;
    %assign/vec4 v0xaa1079900_0, 0;
    %jmp T_8.16;
T_8.15 ;
    %load/vec4 v0xaa1079900_0;
    %alloc S_0x1012b49f0;
    %load/vec4 v0xaa1078be0_0;
    %pad/s 128;
    %load/vec4 v0xaa107a080_0;
    %pad/u 6;
    %ix/vec4 4;
    %load/vec4a v0xaa1079d60, 4;
    %pad/s 128;
    %mul;
    %load/vec4 v0xaa1078c80_0;
    %pad/s 128;
    %load/vec4 v0xaa1079680_0;
    %pad/s 128;
    %mul;
    %add;
    %pushi/vec4 31, 0, 32;
    %store/vec4 v0xaa1078280_0, 0, 32;
    %store/vec4 v0xaa1078460_0, 0, 128;
    %callf/vec4 TD_tb_reverb1.core.rndsat32, S_0x1012b49f0;
    %free S_0x1012b49f0;
    %pad/s 37;
    %add;
    %assign/vec4 v0xaa1079900_0, 0;
T_8.16 ;
    %alloc S_0x1012b49f0;
    %load/vec4 v0xaa1078be0_0;
    %pad/s 128;
    %load/vec4 v0xaa107a080_0;
    %pad/u 6;
    %ix/vec4 4;
    %load/vec4a v0xaa1079d60, 4;
    %pad/s 128;
    %mul;
    %load/vec4 v0xaa1078c80_0;
    %pad/s 128;
    %load/vec4 v0xaa1079680_0;
    %pad/s 128;
    %mul;
    %add;
    %pushi/vec4 31, 0, 32;
    %store/vec4 v0xaa1078280_0, 0, 32;
    %store/vec4 v0xaa1078460_0, 0, 128;
    %callf/vec4 TD_tb_reverb1.core.rndsat32, S_0x1012b49f0;
    %free S_0x1012b49f0;
    %load/vec4 v0xaa107a080_0;
    %pad/u 6;
    %ix/vec4 3;
    %ix/load 4, 0, 0; Constant delay
    %assign/vec4/a/d v0xaa1079d60, 0, 4;
    %load/vec4 v0xaa107a080_0;
    %pad/u 32;
    %cmpi/e 15, 0, 32;
    %jmp/0xz  T_8.17, 4;
    %pushi/vec4 2, 0, 4;
    %assign/vec4 v0xaa1079ea0_0, 0;
    %pushi/vec4 0, 0, 5;
    %assign/vec4 v0xaa107a080_0, 0;
    %jmp T_8.18;
T_8.17 ;
    %load/vec4 v0xaa107a080_0;
    %addi 1, 0, 5;
    %assign/vec4 v0xaa107a080_0, 0;
T_8.18 ;
    %jmp T_8.12;
T_8.4 ;
    %load/vec4 v0xaa1079900_0;
    %ix/load 4, 3, 0;
    %flag_set/imm 4, 0;
    %shiftr/s 4;
    %inv;
    %addi 1, 0, 37;
    %load/vec4 v0xaa1079680_0;
    %pad/s 37;
    %add;
    %assign/vec4 v0xaa10799a0_0, 0;
    %pushi/vec4 3, 0, 4;
    %assign/vec4 v0xaa1079ea0_0, 0;
    %jmp T_8.12;
T_8.5 ;
    %load/vec4 v0xaa10794a0_0;
    %addi 1, 0, 15;
    %assign/vec4 v0xaa10794a0_0, 0;
    %pushi/vec4 4, 0, 4;
    %assign/vec4 v0xaa1079ea0_0, 0;
    %jmp T_8.12;
T_8.6 ;
    %load/vec4 v0xaa107a080_0;
    %pad/u 32;
    %cmpi/e 0, 0, 32;
    %jmp/0xz  T_8.19, 4;
    %alloc S_0x1012b49f0;
    %ix/load 4, 0, 0;
    %flag_set/imm 4, 0;
    %load/vec4a v0xaa10790e0, 4;
    %pad/s 128;
    %ix/load 4, 0, 0;
    %flag_set/imm 4, 0;
    %load/vec4a v0xaa1079d60, 4;
    %pad/s 128;
    %mul;
    %pushi/vec4 31, 0, 32;
    %store/vec4 v0xaa1078280_0, 0, 32;
    %store/vec4 v0xaa1078460_0, 0, 128;
    %callf/vec4 TD_tb_reverb1.core.rndsat32, S_0x1012b49f0;
    %free S_0x1012b49f0;
    %load/vec4 v0xaa1079b80_0;
    %pad/u 7;
    %ix/vec4 3;
    %ix/load 4, 0, 0; Constant delay
    %assign/vec4/a/d v0xaa107a120, 0, 4;
    %alloc S_0x1012b49f0;
    %ix/load 4, 0, 0;
    %flag_set/imm 4, 0;
    %load/vec4a v0xaa1079180, 4;
    %pad/s 128;
    %ix/load 4, 0, 0;
    %flag_set/imm 4, 0;
    %load/vec4a v0xaa1079d60, 4;
    %pad/s 128;
    %mul;
    %pushi/vec4 31, 0, 32;
    %store/vec4 v0xaa1078280_0, 0, 32;
    %store/vec4 v0xaa1078460_0, 0, 128;
    %callf/vec4 TD_tb_reverb1.core.rndsat32, S_0x1012b49f0;
    %free S_0x1012b49f0;
    %load/vec4 v0xaa1079b80_0;
    %pad/u 7;
    %ix/vec4 3;
    %ix/load 4, 0, 0; Constant delay
    %assign/vec4/a/d v0xaa107a1c0, 0, 4;
    %jmp T_8.20;
T_8.19 ;
    %load/vec4 v0xaa1079b80_0;
    %pad/u 7;
    %ix/vec4 4;
    %load/vec4a v0xaa107a120, 4;
    %alloc S_0x1012b49f0;
    %load/vec4 v0xaa107a080_0;
    %pad/u 6;
    %ix/vec4 4;
    %load/vec4a v0xaa10790e0, 4;
    %pad/s 128;
    %load/vec4 v0xaa107a080_0;
    %pad/u 6;
    %ix/vec4 4;
    %load/vec4a v0xaa1079d60, 4;
    %pad/s 128;
    %mul;
    %pushi/vec4 31, 0, 32;
    %store/vec4 v0xaa1078280_0, 0, 32;
    %store/vec4 v0xaa1078460_0, 0, 128;
    %callf/vec4 TD_tb_reverb1.core.rndsat32, S_0x1012b49f0;
    %free S_0x1012b49f0;
    %add;
    %load/vec4 v0xaa1079b80_0;
    %pad/u 7;
    %ix/vec4 3;
    %ix/load 4, 0, 0; Constant delay
    %assign/vec4/a/d v0xaa107a120, 0, 4;
    %load/vec4 v0xaa1079b80_0;
    %pad/u 7;
    %ix/vec4 4;
    %load/vec4a v0xaa107a1c0, 4;
    %alloc S_0x1012b49f0;
    %load/vec4 v0xaa107a080_0;
    %pad/u 6;
    %ix/vec4 4;
    %load/vec4a v0xaa1079180, 4;
    %pad/s 128;
    %load/vec4 v0xaa107a080_0;
    %pad/u 6;
    %ix/vec4 4;
    %load/vec4a v0xaa1079d60, 4;
    %pad/s 128;
    %mul;
    %pushi/vec4 31, 0, 32;
    %store/vec4 v0xaa1078280_0, 0, 32;
    %store/vec4 v0xaa1078460_0, 0, 128;
    %callf/vec4 TD_tb_reverb1.core.rndsat32, S_0x1012b49f0;
    %free S_0x1012b49f0;
    %add;
    %load/vec4 v0xaa1079b80_0;
    %pad/u 7;
    %ix/vec4 3;
    %ix/load 4, 0, 0; Constant delay
    %assign/vec4/a/d v0xaa107a1c0, 0, 4;
T_8.20 ;
    %load/vec4 v0xaa107a080_0;
    %pad/u 32;
    %cmpi/e 15, 0, 32;
    %jmp/0xz  T_8.21, 4;
    %pushi/vec4 0, 0, 5;
    %assign/vec4 v0xaa107a080_0, 0;
    %load/vec4 v0xaa1079b80_0;
    %pad/u 32;
    %cmpi/e 31, 0, 32;
    %jmp/0xz  T_8.23, 4;
    %pushi/vec4 0, 0, 5;
    %assign/vec4 v0xaa1079b80_0, 0;
    %load/vec4 v0xaa1078f00_0;
    %flag_set/vec4 8;
    %jmp/0 T_8.25, 8;
    %pushi/vec4 0, 0, 3;
    %jmp/1 T_8.26, 8;
T_8.25 ; End of true expr.
    %pushi/vec4 1, 0, 3;
    %jmp/0 T_8.26, 8;
 ; End of false expr.
    %blend;
T_8.26;
    %assign/vec4 v0xaa1078820_0, 0;
    %pushi/vec4 0, 0, 1;
    %assign/vec4 v0xaa1079360_0, 0;
    %pushi/vec4 5, 0, 4;
    %assign/vec4 v0xaa1079ea0_0, 0;
    %jmp T_8.24;
T_8.23 ;
    %load/vec4 v0xaa1079b80_0;
    %addi 1, 0, 5;
    %assign/vec4 v0xaa1079b80_0, 0;
    %pushi/vec4 1, 0, 4;
    %assign/vec4 v0xaa1079ea0_0, 0;
T_8.24 ;
    %jmp T_8.22;
T_8.21 ;
    %load/vec4 v0xaa107a080_0;
    %addi 1, 0, 5;
    %assign/vec4 v0xaa107a080_0, 0;
T_8.22 ;
    %jmp T_8.12;
T_8.7 ;
    %alloc S_0x1012a0590;
    %fork TD_tb_reverb1.core.biq_stage, S_0x1012a0590;
    %join;
    %free S_0x1012a0590;
    %load/vec4 v0xaa1079b80_0;
    %pad/u 32;
    %cmpi/e 31, 0, 32;
    %jmp/0xz  T_8.27, 4;
    %pushi/vec4 0, 0, 5;
    %assign/vec4 v0xaa1079b80_0, 0;
    %load/vec4 v0xaa1079360_0;
    %pad/u 32;
    %cmpi/e 0, 0, 32;
    %jmp/0xz  T_8.29, 4;
    %pushi/vec4 1, 0, 1;
    %assign/vec4 v0xaa1079360_0, 0;
    %jmp T_8.30;
T_8.29 ;
    %pushi/vec4 0, 0, 1;
    %assign/vec4 v0xaa1079360_0, 0;
    %load/vec4 v0xaa1078820_0;
    %cmpi/e 2, 0, 3;
    %jmp/1 T_8.33, 4;
    %flag_mov 8, 4;
    %load/vec4 v0xaa1078820_0;
    %cmpi/e 1, 0, 3;
    %flag_get/vec4 4;
    %jmp/0 T_8.34, 4;
    %load/vec4 v0xaa1078e60_0;
    %nor/r;
    %and;
T_8.34;
    %flag_set/vec4 9;
    %flag_or 9, 8;
    %flag_mov 4, 9;
T_8.33;
    %jmp/0xz  T_8.31, 4;
    %pushi/vec4 6, 0, 4;
    %assign/vec4 v0xaa1079ea0_0, 0;
    %jmp T_8.32;
T_8.31 ;
    %load/vec4 v0xaa1078820_0;
    %addi 1, 0, 3;
    %assign/vec4 v0xaa1078820_0, 0;
T_8.32 ;
T_8.30 ;
    %jmp T_8.28;
T_8.27 ;
    %load/vec4 v0xaa1079b80_0;
    %addi 1, 0, 5;
    %assign/vec4 v0xaa1079b80_0, 0;
T_8.28 ;
    %jmp T_8.12;
T_8.8 ;
    %alloc S_0x1012b42f0;
    %fork TD_tb_reverb1.core.width_stage, S_0x1012b42f0;
    %join;
    %free S_0x1012b42f0;
    %load/vec4 v0xaa1079b80_0;
    %pad/u 32;
    %cmpi/e 31, 0, 32;
    %jmp/0xz  T_8.35, 4;
    %pushi/vec4 0, 0, 5;
    %assign/vec4 v0xaa1079b80_0, 0;
    %pushi/vec4 7, 0, 4;
    %assign/vec4 v0xaa1079ea0_0, 0;
    %jmp T_8.36;
T_8.35 ;
    %load/vec4 v0xaa1079b80_0;
    %addi 1, 0, 5;
    %assign/vec4 v0xaa1079b80_0, 0;
T_8.36 ;
    %jmp T_8.12;
T_8.9 ;
    %alloc S_0x1012b49f0;
    %load/vec4 v0xaa1079040_0;
    %pad/s 128;
    %load/vec4 v0xaa1079b80_0;
    %pad/u 7;
    %ix/vec4 4;
    %load/vec4a v0xaa1079a40, 4;
    %pad/s 128;
    %ix/load 4, 5, 0;
    %flag_set/imm 4, 0;
    %shiftl 4;
    %mul;
    %load/vec4 v0xaa1078fa0_0;
    %pad/s 128;
    %load/vec4 v0xaa1079b80_0;
    %pad/u 7;
    %ix/vec4 4;
    %load/vec4a v0xaa107a120, 4;
    %pad/s 128;
    %mul;
    %add;
    %pushi/vec4 30, 0, 32;
    %store/vec4 v0xaa1078280_0, 0, 32;
    %store/vec4 v0xaa1078460_0, 0, 128;
    %callf/vec4 TD_tb_reverb1.core.rndsat32, S_0x1012b49f0;
    %free S_0x1012b49f0;
    %load/vec4 v0xaa1079b80_0;
    %pad/u 7;
    %ix/vec4 3;
    %ix/load 4, 0, 0; Constant delay
    %assign/vec4/a/d v0xaa1079c20, 0, 4;
    %alloc S_0x1012b49f0;
    %load/vec4 v0xaa1079040_0;
    %pad/s 128;
    %load/vec4 v0xaa1079b80_0;
    %pad/u 7;
    %ix/vec4 4;
    %load/vec4a v0xaa1079ae0, 4;
    %pad/s 128;
    %ix/load 4, 5, 0;
    %flag_set/imm 4, 0;
    %shiftl 4;
    %mul;
    %load/vec4 v0xaa1078fa0_0;
    %pad/s 128;
    %load/vec4 v0xaa1079b80_0;
    %pad/u 7;
    %ix/vec4 4;
    %load/vec4a v0xaa107a1c0, 4;
    %pad/s 128;
    %mul;
    %add;
    %pushi/vec4 30, 0, 32;
    %store/vec4 v0xaa1078280_0, 0, 32;
    %store/vec4 v0xaa1078460_0, 0, 128;
    %callf/vec4 TD_tb_reverb1.core.rndsat32, S_0x1012b49f0;
    %free S_0x1012b49f0;
    %load/vec4 v0xaa1079b80_0;
    %pad/u 7;
    %ix/vec4 3;
    %ix/load 4, 0, 0; Constant delay
    %assign/vec4/a/d v0xaa1079cc0, 0, 4;
    %load/vec4 v0xaa1079b80_0;
    %pad/u 32;
    %cmpi/e 31, 0, 32;
    %jmp/0xz  T_8.37, 4;
    %pushi/vec4 8, 0, 4;
    %assign/vec4 v0xaa1079ea0_0, 0;
    %jmp T_8.38;
T_8.37 ;
    %load/vec4 v0xaa1079b80_0;
    %addi 1, 0, 5;
    %assign/vec4 v0xaa1079b80_0, 0;
T_8.38 ;
    %jmp T_8.12;
T_8.10 ;
    %pushi/vec4 1, 0, 1;
    %assign/vec4 v0xaa10788c0_0, 0;
    %pushi/vec4 0, 0, 1;
    %assign/vec4 v0xaa1079e00_0, 0;
    %pushi/vec4 0, 0, 4;
    %assign/vec4 v0xaa1079ea0_0, 0;
    %jmp T_8.12;
T_8.12 ;
    %pop/vec4 1;
T_8.1 ;
    %jmp T_8;
    .thread T_8;
    .scope S_0x1012abca0;
T_9 ;
    %alloc S_0x1012b4870;
    %fork TD_tb_reverb1.core.clear_state, S_0x1012b4870;
    %join;
    %free S_0x1012b4870;
    %end;
    .thread T_9;
    .scope S_0x1012abb20;
T_10 ;
    %pushi/vec4 0, 0, 1;
    %store/vec4 v0xaa107a440_0, 0, 1;
    %pushi/vec4 0, 0, 1;
    %store/vec4 v0xaa107ad00_0, 0, 1;
    %pushi/vec4 0, 0, 1;
    %store/vec4 v0xaa107ac60_0, 0, 1;
    %end;
    .thread T_10, $init;
    .scope S_0x1012abb20;
T_11 ;
    %wait E_0xaa105d0c0;
    %load/vec4 v0xaa107a620_0;
    %flag_set/vec4 9;
    %flag_get/vec4 9;
    %jmp/0 T_11.2, 9;
    %load/vec4 v0xaa107a760_0;
    %and;
T_11.2;
    %flag_set/vec4 8;
    %jmp/0xz  T_11.0, 8;
    %load/vec4 v0xaa107a6c0_0;
    %ix/getv 3, v0xaa107a4e0_0;
    %ix/load 4, 0, 0; Constant delay
    %assign/vec4/a/d v0xaa107a800, 0, 4;
T_11.0 ;
    %jmp T_11;
    .thread T_11;
    .scope S_0x1012abb20;
T_12 ;
    %wait E_0xaa105cc80;
    %load/vec4 v0xaa107a620_0;
    %flag_set/vec4 8;
    %jmp/0xz  T_12.0, 8;
    %load/vec4 v0xaa107a760_0;
    %flag_set/vec4 8;
    %jmp/0xz  T_12.2, 8;
    %vpi_call/w 3 66 "$fwrite", v0xaa107a9e0_0, "W %0d %0d\012", v0xaa107a4e0_0, v0xaa107a6c0_0 {0 0 0};
    %jmp T_12.3;
T_12.2 ;
    %vpi_call/w 3 67 "$fwrite", v0xaa107a9e0_0, "R %0d %0d\012", v0xaa107a4e0_0, v0xaa107a580_0 {0 0 0};
T_12.3 ;
T_12.0 ;
    %jmp T_12;
    .thread T_12;
    .scope S_0x1012abb20;
T_13 ;
    %delay 1000, 0;
    %load/vec4 v0xaa107a440_0;
    %inv;
    %store/vec4 v0xaa107a440_0, 0, 1;
    %jmp T_13;
    .thread T_13;
    .scope S_0x1012abb20;
T_14 ;
    %vpi_func 3 78 "$fopen" 32, "out/sxt-024/rtl/tb_trace.txt", "w" {0 0 0};
    %store/vec4 v0xaa107a940_0, 0, 32;
    %vpi_func 3 79 "$fopen" 32, "out/sxt-024/rtl/txn_rtl.txt", "w" {0 0 0};
    %store/vec4 v0xaa107a9e0_0, 0, 32;
    %load/vec4 v0xaa107a940_0;
    %cmpi/e 0, 0, 32;
    %jmp/1 T_14.2, 4;
    %flag_mov 8, 4;
    %load/vec4 v0xaa107a9e0_0;
    %cmpi/e 0, 0, 32;
    %flag_or 4, 8;
T_14.2;
    %jmp/0xz  T_14.0, 4;
    %vpi_call/w 3 80 "$fatal", 32'sb00000000000000000000000000000001, "cannot open output logs" {0 0 0};
T_14.0 ;
    %pushi/vec4 0, 0, 32;
    %store/vec4 v0xaa107aa80_0, 0, 32;
T_14.3 ; Top of for-loop
    %load/vec4 v0xaa107aa80_0;
    %cmpi/s 557056, 0, 32;
	  %jmp/0xz T_14.4, 5;
    %pushi/vec4 0, 0, 32;
    %ix/getv/s 4, v0xaa107aa80_0;
    %store/vec4a v0xaa107a800, 4, 0;
T_14.5 ; for-loop step statement
    ; show_stmt_assign_vector: Get l-value for compressed += operand
    %load/vec4 v0xaa107aa80_0;
    %pushi/vec4 1, 0, 32;
    %add;
    %store/vec4 v0xaa107aa80_0, 0, 32;
    %jmp T_14.3;
T_14.4 ; for-loop exit label
    %vpi_call/w 3 84 "$readmemh", "rtl/effects/reverb1/sim/cfg.hex", v0xaa107ada0 {0 0 0};
    %ix/load 4, 0, 0;
    %flag_set/imm 4, 0;
    %load/vec4a v0xaa107ada0, 4;
    %store/vec4 v0xaa1079220_0, 0, 32;
    %ix/load 4, 1, 0;
    %flag_set/imm 4, 0;
    %load/vec4a v0xaa107ada0, 4;
    %store/vec4 v0xaa1078be0_0, 0, 32;
    %ix/load 4, 2, 0;
    %flag_set/imm 4, 0;
    %load/vec4a v0xaa107ada0, 4;
    %store/vec4 v0xaa1078c80_0, 0, 32;
    %ix/load 4, 3, 0;
    %flag_set/imm 4, 0;
    %load/vec4a v0xaa107ada0, 4;
    %store/vec4 v0xaa1078fa0_0, 0, 32;
    %ix/load 4, 4, 0;
    %flag_set/imm 4, 0;
    %load/vec4a v0xaa107ada0, 4;
    %store/vec4 v0xaa1079040_0, 0, 32;
    %ix/load 4, 5, 0;
    %flag_set/imm 4, 0;
    %load/vec4a v0xaa107ada0, 4;
    %store/vec4 v0xaa10792c0_0, 0, 32;
    %ix/load 4, 6, 0;
    %flag_set/imm 4, 0;
    %load/vec4a v0xaa107ada0, 4;
    %parti/s 1, 0, 2;
    %store/vec4 v0xaa1078f00_0, 0, 1;
    %ix/load 4, 6, 0;
    %flag_set/imm 4, 0;
    %load/vec4a v0xaa107ada0, 4;
    %parti/s 1, 1, 2;
    %store/vec4 v0xaa1078e60_0, 0, 1;
    %pushi/vec4 0, 0, 32;
    %store/vec4 v0xaa107aa80_0, 0, 32;
T_14.6 ; Top of for-loop
    %load/vec4 v0xaa107aa80_0;
    %cmpi/s 16, 0, 32;
	  %jmp/0xz T_14.7, 5;
    %pushi/vec4 7, 0, 32;
    %load/vec4 v0xaa107aa80_0;
    %add;
    %ix/vec4/s 4;
    %load/vec4a v0xaa107ada0, 4;
    %ix/getv/s 4, v0xaa107aa80_0;
    %store/vec4a v0xaa1078dc0, 4, 0;
    %pushi/vec4 23, 0, 32;
    %load/vec4 v0xaa107aa80_0;
    %add;
    %ix/vec4/s 4;
    %load/vec4a v0xaa107ada0, 4;
    %ix/getv/s 4, v0xaa107aa80_0;
    %store/vec4a v0xaa1078d20, 4, 0;
    %pushi/vec4 39, 0, 32;
    %load/vec4 v0xaa107aa80_0;
    %add;
    %ix/vec4/s 4;
    %load/vec4a v0xaa107ada0, 4;
    %ix/getv/s 4, v0xaa107aa80_0;
    %store/vec4a v0xaa10790e0, 4, 0;
    %pushi/vec4 55, 0, 32;
    %load/vec4 v0xaa107aa80_0;
    %add;
    %ix/vec4/s 4;
    %load/vec4a v0xaa107ada0, 4;
    %ix/getv/s 4, v0xaa107aa80_0;
    %store/vec4a v0xaa1079180, 4, 0;
T_14.8 ; for-loop step statement
    ; show_stmt_assign_vector: Get l-value for compressed += operand
    %load/vec4 v0xaa107aa80_0;
    %pushi/vec4 1, 0, 32;
    %add;
    %store/vec4 v0xaa107aa80_0, 0, 32;
    %jmp T_14.6;
T_14.7 ; for-loop exit label
    %pushi/vec4 0, 0, 32;
    %store/vec4 v0xaa107aa80_0, 0, 32;
T_14.9 ; Top of for-loop
    %load/vec4 v0xaa107aa80_0;
    %cmpi/s 5, 0, 32;
	  %jmp/0xz T_14.10, 5;
    %pushi/vec4 71, 0, 32;
    %load/vec4 v0xaa107aa80_0;
    %add;
    %ix/vec4/s 4;
    %load/vec4a v0xaa107ada0, 4;
    %ix/getv/s 4, v0xaa107aa80_0;
    %store/vec4a v0xaa1078b40, 4, 0;
    %pushi/vec4 76, 0, 32;
    %load/vec4 v0xaa107aa80_0;
    %add;
    %ix/vec4/s 4;
    %load/vec4a v0xaa107ada0, 4;
    %ix/getv/s 4, v0xaa107aa80_0;
    %store/vec4a v0xaa1078a00, 4, 0;
    %pushi/vec4 81, 0, 32;
    %load/vec4 v0xaa107aa80_0;
    %add;
    %ix/vec4/s 4;
    %load/vec4a v0xaa107ada0, 4;
    %ix/getv/s 4, v0xaa107aa80_0;
    %store/vec4a v0xaa1078aa0, 4, 0;
T_14.11 ; for-loop step statement
    ; show_stmt_assign_vector: Get l-value for compressed += operand
    %load/vec4 v0xaa107aa80_0;
    %pushi/vec4 1, 0, 32;
    %add;
    %store/vec4 v0xaa107aa80_0, 0, 32;
    %jmp T_14.9;
T_14.10 ; for-loop exit label
    %vpi_call/w 3 106 "$readmemh", "rtl/effects/reverb1/sim/blocks.hex", v0xaa107abc0 {0 0 0};
    %ix/load 4, 0, 0;
    %flag_set/imm 4, 0;
    %load/vec4a v0xaa107abc0, 4;
    %cast2;
    %store/vec4 v0xaa107ab20_0, 0, 32;
    %pushi/vec4 0, 0, 32;
    %store/vec4 v0xaa107a300_0, 0, 32;
T_14.12 ; Top of for-loop
    %load/vec4 v0xaa107a300_0;
    %load/vec4 v0xaa107ab20_0;
    %cmp/s;
	  %jmp/0xz T_14.13, 5;
    %pushi/vec4 1, 0, 32;
    %load/vec4 v0xaa107a300_0;
    %muli 65, 0, 32;
    %add;
    %ix/vec4/s 4;
    %load/vec4a v0xaa107abc0, 4;
    %store/vec4 v0xaa107ae40_0, 0, 32;
    %load/vec4 v0xaa107ae40_0;
    %parti/s 1, 15, 5;
    %flag_set/vec4 8;
    %jmp/0xz  T_14.15, 8;
    %pushi/vec4 0, 0, 32;
    %store/vec4 v0xaa107aa80_0, 0, 32;
T_14.17 ; Top of for-loop
    %load/vec4 v0xaa107aa80_0;
    %cmpi/s 557056, 0, 32;
	  %jmp/0xz T_14.18, 5;
    %pushi/vec4 0, 0, 32;
    %ix/getv/s 4, v0xaa107aa80_0;
    %store/vec4a v0xaa107a800, 4, 0;
T_14.19 ; for-loop step statement
    ; show_stmt_assign_vector: Get l-value for compressed += operand
    %load/vec4 v0xaa107aa80_0;
    %pushi/vec4 1, 0, 32;
    %add;
    %store/vec4 v0xaa107aa80_0, 0, 32;
    %jmp T_14.17;
T_14.18 ; for-loop exit label
    %vpi_call/w 3 115 "$fwrite", v0xaa107a9e0_0, "X RESET\012" {0 0 0};
    %wait E_0xaa105cc80;
    %pushi/vec4 1, 0, 1;
    %store/vec4 v0xaa107ad00_0, 0, 1;
    %wait E_0xaa105cc80;
    %pushi/vec4 0, 0, 1;
    %store/vec4 v0xaa107ad00_0, 0, 1;
T_14.15 ;
    %pushi/vec4 0, 0, 32;
    %store/vec4 v0xaa107aa80_0, 0, 32;
T_14.20 ; Top of for-loop
    %load/vec4 v0xaa107aa80_0;
    %cmpi/s 32, 0, 32;
	  %jmp/0xz T_14.21, 5;
    %pushi/vec4 2, 0, 32;
    %load/vec4 v0xaa107a300_0;
    %muli 65, 0, 32;
    %add;
    %load/vec4 v0xaa107aa80_0;
    %add;
    %ix/vec4/s 4;
    %load/vec4a v0xaa107abc0, 4;
    %ix/getv/s 4, v0xaa107aa80_0;
    %store/vec4a v0xaa1079a40, 4, 0;
    %pushi/vec4 2, 0, 32;
    %load/vec4 v0xaa107a300_0;
    %muli 65, 0, 32;
    %add;
    %addi 32, 0, 32;
    %load/vec4 v0xaa107aa80_0;
    %add;
    %ix/vec4/s 4;
    %load/vec4a v0xaa107abc0, 4;
    %ix/getv/s 4, v0xaa107aa80_0;
    %store/vec4a v0xaa1079ae0, 4, 0;
T_14.22 ; for-loop step statement
    ; show_stmt_assign_vector: Get l-value for compressed += operand
    %load/vec4 v0xaa107aa80_0;
    %pushi/vec4 1, 0, 32;
    %add;
    %store/vec4 v0xaa107aa80_0, 0, 32;
    %jmp T_14.20;
T_14.21 ; for-loop exit label
    %wait E_0xaa105cc80;
    %pushi/vec4 1, 0, 1;
    %store/vec4 v0xaa107ac60_0, 0, 1;
    %wait E_0xaa105cc80;
    %pushi/vec4 0, 0, 1;
    %store/vec4 v0xaa107ac60_0, 0, 1;
T_14.23 ;
    %load/vec4 v0xaa107a3a0_0;
    %nor/r;
    %flag_set/vec4 8;
    %jmp/0xz T_14.24, 8;
    %wait E_0xaa105cc80;
    %jmp T_14.23;
T_14.24 ;
    %alloc S_0x1012b6570;
    %load/vec4 v0xaa107a300_0;
    %store/vec4 v0xaa107a260_0, 0, 32;
    %fork TD_tb_reverb1.dump_checkpoint, S_0x1012b6570;
    %join;
    %free S_0x1012b6570;
T_14.14 ; for-loop step statement
    ; show_stmt_assign_vector: Get l-value for compressed += operand
    %load/vec4 v0xaa107a300_0;
    %pushi/vec4 1, 0, 32;
    %add;
    %store/vec4 v0xaa107a300_0, 0, 32;
    %jmp T_14.12;
T_14.13 ; for-loop exit label
    %vpi_func 3 132 "$fopen" 32, "out/sxt-024/rtl/mem_rtl.hex", "w" {0 0 0};
    %store/vec4 v0xaa107a8a0_0, 0, 32;
    %pushi/vec4 0, 0, 32;
    %store/vec4 v0xaa107aa80_0, 0, 32;
T_14.25 ; Top of for-loop
    %load/vec4 v0xaa107aa80_0;
    %cmpi/s 557056, 0, 32;
	  %jmp/0xz T_14.26, 5;
    %vpi_call/w 3 133 "$fwrite", v0xaa107a8a0_0, "%08h\012", &A<v0xaa107a800, v0xaa107aa80_0 > {0 0 0};
T_14.27 ; for-loop step statement
    ; show_stmt_assign_vector: Get l-value for compressed += operand
    %load/vec4 v0xaa107aa80_0;
    %pushi/vec4 1, 0, 32;
    %add;
    %store/vec4 v0xaa107aa80_0, 0, 32;
    %jmp T_14.25;
T_14.26 ; for-loop exit label
    %vpi_call/w 3 134 "$fclose", v0xaa107a8a0_0 {0 0 0};
    %vpi_call/w 3 135 "$fclose", v0xaa107a940_0 {0 0 0};
    %vpi_call/w 3 136 "$fclose", v0xaa107a9e0_0 {0 0 0};
    %vpi_call/w 3 137 "$display", "DONE blocks=%0d", v0xaa107ab20_0 {0 0 0};
    %vpi_call/w 3 138 "$finish" {0 0 0};
    %end;
    .thread T_14;
# The file index is used to find the file name in the following table.
:file_names 5;
    "N/A";
    "<interactive>";
    "-";
    "/Users/joseph/dev/gf180-surge-wt-024b/rtl/effects/reverb1/tb_reverb1.sv";
    "/Users/joseph/dev/gf180-surge-wt-024b/rtl/effects/reverb1/reverb1_core.sv";
