#! /opt/homebrew/Cellar/icarus-verilog/13.0/bin/vvp
:ivl_version "13.0 (stable)" "(v13_0)";
:ivl_delay_selection "TYPICAL";
:vpi_time_precision - 12;
:vpi_module "/opt/homebrew/Cellar/icarus-verilog/13.0/lib/ivl/system.vpi";
:vpi_module "/opt/homebrew/Cellar/icarus-verilog/13.0/lib/ivl/vhdl_sys.vpi";
:vpi_module "/opt/homebrew/Cellar/icarus-verilog/13.0/lib/ivl/vhdl_textio.vpi";
:vpi_module "/opt/homebrew/Cellar/icarus-verilog/13.0/lib/ivl/v2005_math.vpi";
:vpi_module "/opt/homebrew/Cellar/icarus-verilog/13.0/lib/ivl/va_math.vpi";
:vpi_module "/opt/homebrew/Cellar/icarus-verilog/13.0/lib/ivl/v2009.vpi";
S_0x105b34770 .scope package, "$unit" "$unit" 2 1;
 .timescale 0 0;
S_0x105b348f0 .scope module, "tb_reverb1" "tb_reverb1" 3 26;
 .timescale -9 -12;
P_0xaa2c7de00 .param/l "BLOCK" 1 3 29, +C4<00000000000000000000000000100000>;
P_0xaa2c7de40 .param/l "MEM_WORDS" 1 3 28, +C4<00000000000010001000000000000000>;
v0xaa3066800_0 .var/i "b", 31 0;
v0xaa30668a0_0 .net "block_done", 0 0, v0xaa3064dc0_0;  1 drivers
v0xaa3066940_0 .var "clk", 0 0;
v0xaa30669e0_0 .net "em_addr", 31 0, v0xaa3065ae0_0;  1 drivers
v0xaa3066a80_0 .net/s "em_rdata", 31 0, L_0xaa3050140;  1 drivers
v0xaa3066b20_0 .net "em_req", 0 0, v0xaa3065c20_0;  1 drivers
v0xaa3066bc0_0 .net/s "em_wdata", 31 0, v0xaa3065cc0_0;  1 drivers
v0xaa3066c60_0 .net "em_we", 0 0, v0xaa3065d60_0;  1 drivers
v0xaa3066d00 .array "ext_mem", 557055 0, 31 0;
v0xaa3066da0_0 .var/i "fd_m", 31 0;
v0xaa3066e40_0 .var/i "fd_t", 31 0;
v0xaa3066ee0_0 .var/i "fd_x", 31 0;
v0xaa3066f80_0 .var/i "i", 31 0;
v0xaa3067020_0 .var/i "nblocks", 31 0;
v0xaa30670c0 .array "sched", 400000 0, 31 0;
v0xaa3067160_0 .var "start_block", 0 0;
v0xaa3067200_0 .var "state_reset", 0 0;
v0xaa30672a0 .array "tb_cfg", 85 0, 31 0;
v0xaa3067340_0 .var "w", 31 0;
E_0xaa305eb00 .event negedge, v0xaa3065900_0;
L_0xaa3050140 .array/port v0xaa3066d00, v0xaa3065ae0_0;
S_0x105b28d10 .scope module, "core" "reverb1_core" 3 44, 4 45 0, S_0x105b348f0;
 .timescale -9 -12;
    .port_info 0 /INPUT 1 "clk";
    .port_info 1 /INPUT 1 "state_reset";
    .port_info 2 /INPUT 1 "start_block";
    .port_info 3 /OUTPUT 1 "block_done";
    .port_info 4 /OUTPUT 32 "em_addr";
    .port_info 5 /OUTPUT 1 "em_req";
    .port_info 6 /OUTPUT 1 "em_we";
    .port_info 7 /OUTPUT 32 "em_wdata";
    .port_info 8 /INPUT 32 "em_rdata";
P_0xaa3068400 .param/l "BLOCK" 1 4 63, +C4<00000000000000000000000000100000>;
P_0xaa3068440 .param/l "MAX_REV_DLY" 1 4 59, +C4<00000000000000001000000000000000>;
P_0xaa3068480 .param/l "PD_BASE" 1 4 62, +C4<00000000000010000000000000000000>;
P_0xaa30684c0 .param/l "REG_LIM" 1 4 65, +C4<00000000000000000000000000000000000000000000000010000000000000000000000000000000000000000000000000000000000000000000000000000000>;
P_0xaa3068500 .param/l "REV_BITS" 1 4 58, +C4<00000000000000000000000000001111>;
P_0xaa3068540 .param/l "S_BIQ" 1 4 101, C4<0101>;
P_0xaa3068580 .param/l "S_DONE" 1 4 101, C4<1000>;
P_0xaa30685c0 .param/l "S_FB" 1 4 100, C4<0010>;
P_0xaa3068600 .param/l "S_IDLE" 1 4 100, C4<0000>;
P_0xaa3068640 .param/l "S_MIX" 1 4 101, C4<0111>;
P_0xaa3068680 .param/l "S_PD_WR" 1 4 100, C4<0011>;
P_0xaa30686c0 .param/l "S_TAP_RD" 1 4 100, C4<0001>;
P_0xaa3068700 .param/l "S_TAP_WR" 1 4 100, C4<0100>;
P_0xaa3068740 .param/l "S_WIDTH" 1 4 101, C4<0110>;
P_0xaa3068780 .param/l "TAPS" 1 4 60, +C4<00000000000000000000000000010000>;
P_0xaa30687c0 .param/l "TAP_WORDS" 1 4 61, +C4<00000000000010000000000000000000>;
v0xaa3064d20_0 .var "bi", 2 0;
v0xaa3064dc0_0 .var "block_done", 0 0;
v0xaa3064e60 .array/s "bregs", 11 0, 79 0;
v0xaa3064f00 .array/s "cfg_bi_band1", 4 0, 31 0;
v0xaa3064fa0 .array/s "cfg_bi_hicut", 4 0, 31 0;
v0xaa3065040 .array/s "cfg_bi_locut", 4 0, 31 0;
v0xaa30650e0_0 .var/s "cfg_damp", 31 0;
v0xaa3065180_0 .var/s "cfg_damp_m1", 31 0;
v0xaa3065220 .array/s "cfg_dfb", 15 0, 31 0;
v0xaa30652c0 .array/s "cfg_dt", 15 0, 31 0;
v0xaa3065360_0 .var "cfg_hicut_active", 0 0;
v0xaa3065400_0 .var "cfg_locut_active", 0 0;
v0xaa30654a0_0 .var/s "cfg_mix", 31 0;
v0xaa3065540_0 .var/s "cfg_mix_m1", 31 0;
v0xaa30655e0 .array/s "cfg_pan_l", 15 0, 31 0;
v0xaa3065680 .array/s "cfg_pan_r", 15 0, 31 0;
v0xaa3065720_0 .var/s "cfg_pdtime", 31 0;
v0xaa30657c0_0 .var/s "cfg_width_s", 31 0;
v0xaa3065860_0 .var "ch", 0 0;
v0xaa3065900_0 .net "clk", 0 0, v0xaa3066940_0;  1 drivers
v0xaa30659a0_0 .var "delay_pos", 14 0;
v0xaa3065a40_0 .var/i "dp_tmp", 31 0;
v0xaa3065ae0_0 .var "em_addr", 31 0;
v0xaa3065b80_0 .net/s "em_rdata", 31 0, L_0xaa3050140;  alias, 1 drivers
v0xaa3065c20_0 .var "em_req", 0 0;
v0xaa3065cc0_0 .var/s "em_wdata", 31 0;
v0xaa3065d60_0 .var "em_we", 0 0;
v0xaa3065e00_0 .var/s "fbsum", 36 0;
v0xaa3065ea0_0 .var/s "fbw", 36 0;
v0xaa3065f40 .array/s "in_l", 31 0, 31 0;
v0xaa3065fe0 .array/s "in_r", 31 0, 31 0;
v0xaa3066080_0 .var "k", 4 0;
v0xaa3066120 .array/s "out_l", 31 0, 31 0;
v0xaa30661c0 .array/s "out_r", 31 0, 31 0;
v0xaa3066260 .array/s "out_tap", 15 0, 31 0;
v0xaa3066300_0 .var "running", 0 0;
v0xaa30663a0_0 .var "st", 3 0;
v0xaa3066440_0 .net "start_block", 0 0, v0xaa3067160_0;  1 drivers
v0xaa30664e0_0 .net "state_reset", 0 0, v0xaa3067200_0;  1 drivers
v0xaa3066580_0 .var "t", 4 0;
v0xaa3066620 .array/s "wet_l", 31 0, 31 0;
v0xaa30666c0 .array/s "wet_r", 31 0, 31 0;
E_0xaa305ef40 .event posedge, v0xaa3065900_0;
E_0xaa305ef80/0 .event anyedge, v0xaa3066300_0, v0xaa30663a0_0, v0xaa30659a0_0, v0xaa3066580_0;
v0xaa30652c0_0 .array/port v0xaa30652c0, 0;
v0xaa30652c0_1 .array/port v0xaa30652c0, 1;
v0xaa30652c0_2 .array/port v0xaa30652c0, 2;
v0xaa30652c0_3 .array/port v0xaa30652c0, 3;
E_0xaa305ef80/1 .event anyedge, v0xaa30652c0_0, v0xaa30652c0_1, v0xaa30652c0_2, v0xaa30652c0_3;
v0xaa30652c0_4 .array/port v0xaa30652c0, 4;
v0xaa30652c0_5 .array/port v0xaa30652c0, 5;
v0xaa30652c0_6 .array/port v0xaa30652c0, 6;
v0xaa30652c0_7 .array/port v0xaa30652c0, 7;
E_0xaa305ef80/2 .event anyedge, v0xaa30652c0_4, v0xaa30652c0_5, v0xaa30652c0_6, v0xaa30652c0_7;
v0xaa30652c0_8 .array/port v0xaa30652c0, 8;
v0xaa30652c0_9 .array/port v0xaa30652c0, 9;
v0xaa30652c0_10 .array/port v0xaa30652c0, 10;
v0xaa30652c0_11 .array/port v0xaa30652c0, 11;
E_0xaa305ef80/3 .event anyedge, v0xaa30652c0_8, v0xaa30652c0_9, v0xaa30652c0_10, v0xaa30652c0_11;
v0xaa30652c0_12 .array/port v0xaa30652c0, 12;
v0xaa30652c0_13 .array/port v0xaa30652c0, 13;
v0xaa30652c0_14 .array/port v0xaa30652c0, 14;
v0xaa30652c0_15 .array/port v0xaa30652c0, 15;
E_0xaa305ef80/4 .event anyedge, v0xaa30652c0_12, v0xaa30652c0_13, v0xaa30652c0_14, v0xaa30652c0_15;
v0xaa3065f40_0 .array/port v0xaa3065f40, 0;
E_0xaa305ef80/5 .event anyedge, v0xaa3065a40_0, v0xaa3065720_0, v0xaa3066080_0, v0xaa3065f40_0;
v0xaa3065f40_1 .array/port v0xaa3065f40, 1;
v0xaa3065f40_2 .array/port v0xaa3065f40, 2;
v0xaa3065f40_3 .array/port v0xaa3065f40, 3;
v0xaa3065f40_4 .array/port v0xaa3065f40, 4;
E_0xaa305ef80/6 .event anyedge, v0xaa3065f40_1, v0xaa3065f40_2, v0xaa3065f40_3, v0xaa3065f40_4;
v0xaa3065f40_5 .array/port v0xaa3065f40, 5;
v0xaa3065f40_6 .array/port v0xaa3065f40, 6;
v0xaa3065f40_7 .array/port v0xaa3065f40, 7;
v0xaa3065f40_8 .array/port v0xaa3065f40, 8;
E_0xaa305ef80/7 .event anyedge, v0xaa3065f40_5, v0xaa3065f40_6, v0xaa3065f40_7, v0xaa3065f40_8;
v0xaa3065f40_9 .array/port v0xaa3065f40, 9;
v0xaa3065f40_10 .array/port v0xaa3065f40, 10;
v0xaa3065f40_11 .array/port v0xaa3065f40, 11;
v0xaa3065f40_12 .array/port v0xaa3065f40, 12;
E_0xaa305ef80/8 .event anyedge, v0xaa3065f40_9, v0xaa3065f40_10, v0xaa3065f40_11, v0xaa3065f40_12;
v0xaa3065f40_13 .array/port v0xaa3065f40, 13;
v0xaa3065f40_14 .array/port v0xaa3065f40, 14;
v0xaa3065f40_15 .array/port v0xaa3065f40, 15;
v0xaa3065f40_16 .array/port v0xaa3065f40, 16;
E_0xaa305ef80/9 .event anyedge, v0xaa3065f40_13, v0xaa3065f40_14, v0xaa3065f40_15, v0xaa3065f40_16;
v0xaa3065f40_17 .array/port v0xaa3065f40, 17;
v0xaa3065f40_18 .array/port v0xaa3065f40, 18;
v0xaa3065f40_19 .array/port v0xaa3065f40, 19;
v0xaa3065f40_20 .array/port v0xaa3065f40, 20;
E_0xaa305ef80/10 .event anyedge, v0xaa3065f40_17, v0xaa3065f40_18, v0xaa3065f40_19, v0xaa3065f40_20;
v0xaa3065f40_21 .array/port v0xaa3065f40, 21;
v0xaa3065f40_22 .array/port v0xaa3065f40, 22;
v0xaa3065f40_23 .array/port v0xaa3065f40, 23;
v0xaa3065f40_24 .array/port v0xaa3065f40, 24;
E_0xaa305ef80/11 .event anyedge, v0xaa3065f40_21, v0xaa3065f40_22, v0xaa3065f40_23, v0xaa3065f40_24;
v0xaa3065f40_25 .array/port v0xaa3065f40, 25;
v0xaa3065f40_26 .array/port v0xaa3065f40, 26;
v0xaa3065f40_27 .array/port v0xaa3065f40, 27;
v0xaa3065f40_28 .array/port v0xaa3065f40, 28;
E_0xaa305ef80/12 .event anyedge, v0xaa3065f40_25, v0xaa3065f40_26, v0xaa3065f40_27, v0xaa3065f40_28;
v0xaa3065f40_29 .array/port v0xaa3065f40, 29;
v0xaa3065f40_30 .array/port v0xaa3065f40, 30;
v0xaa3065f40_31 .array/port v0xaa3065f40, 31;
v0xaa3065fe0_0 .array/port v0xaa3065fe0, 0;
E_0xaa305ef80/13 .event anyedge, v0xaa3065f40_29, v0xaa3065f40_30, v0xaa3065f40_31, v0xaa3065fe0_0;
v0xaa3065fe0_1 .array/port v0xaa3065fe0, 1;
v0xaa3065fe0_2 .array/port v0xaa3065fe0, 2;
v0xaa3065fe0_3 .array/port v0xaa3065fe0, 3;
v0xaa3065fe0_4 .array/port v0xaa3065fe0, 4;
E_0xaa305ef80/14 .event anyedge, v0xaa3065fe0_1, v0xaa3065fe0_2, v0xaa3065fe0_3, v0xaa3065fe0_4;
v0xaa3065fe0_5 .array/port v0xaa3065fe0, 5;
v0xaa3065fe0_6 .array/port v0xaa3065fe0, 6;
v0xaa3065fe0_7 .array/port v0xaa3065fe0, 7;
v0xaa3065fe0_8 .array/port v0xaa3065fe0, 8;
E_0xaa305ef80/15 .event anyedge, v0xaa3065fe0_5, v0xaa3065fe0_6, v0xaa3065fe0_7, v0xaa3065fe0_8;
v0xaa3065fe0_9 .array/port v0xaa3065fe0, 9;
v0xaa3065fe0_10 .array/port v0xaa3065fe0, 10;
v0xaa3065fe0_11 .array/port v0xaa3065fe0, 11;
v0xaa3065fe0_12 .array/port v0xaa3065fe0, 12;
E_0xaa305ef80/16 .event anyedge, v0xaa3065fe0_9, v0xaa3065fe0_10, v0xaa3065fe0_11, v0xaa3065fe0_12;
v0xaa3065fe0_13 .array/port v0xaa3065fe0, 13;
v0xaa3065fe0_14 .array/port v0xaa3065fe0, 14;
v0xaa3065fe0_15 .array/port v0xaa3065fe0, 15;
v0xaa3065fe0_16 .array/port v0xaa3065fe0, 16;
E_0xaa305ef80/17 .event anyedge, v0xaa3065fe0_13, v0xaa3065fe0_14, v0xaa3065fe0_15, v0xaa3065fe0_16;
v0xaa3065fe0_17 .array/port v0xaa3065fe0, 17;
v0xaa3065fe0_18 .array/port v0xaa3065fe0, 18;
v0xaa3065fe0_19 .array/port v0xaa3065fe0, 19;
v0xaa3065fe0_20 .array/port v0xaa3065fe0, 20;
E_0xaa305ef80/18 .event anyedge, v0xaa3065fe0_17, v0xaa3065fe0_18, v0xaa3065fe0_19, v0xaa3065fe0_20;
v0xaa3065fe0_21 .array/port v0xaa3065fe0, 21;
v0xaa3065fe0_22 .array/port v0xaa3065fe0, 22;
v0xaa3065fe0_23 .array/port v0xaa3065fe0, 23;
v0xaa3065fe0_24 .array/port v0xaa3065fe0, 24;
E_0xaa305ef80/19 .event anyedge, v0xaa3065fe0_21, v0xaa3065fe0_22, v0xaa3065fe0_23, v0xaa3065fe0_24;
v0xaa3065fe0_25 .array/port v0xaa3065fe0, 25;
v0xaa3065fe0_26 .array/port v0xaa3065fe0, 26;
v0xaa3065fe0_27 .array/port v0xaa3065fe0, 27;
v0xaa3065fe0_28 .array/port v0xaa3065fe0, 28;
E_0xaa305ef80/20 .event anyedge, v0xaa3065fe0_25, v0xaa3065fe0_26, v0xaa3065fe0_27, v0xaa3065fe0_28;
v0xaa3065fe0_29 .array/port v0xaa3065fe0, 29;
v0xaa3065fe0_30 .array/port v0xaa3065fe0, 30;
v0xaa3065fe0_31 .array/port v0xaa3065fe0, 31;
v0xaa3065220_0 .array/port v0xaa3065220, 0;
E_0xaa305ef80/21 .event anyedge, v0xaa3065fe0_29, v0xaa3065fe0_30, v0xaa3065fe0_31, v0xaa3065220_0;
v0xaa3065220_1 .array/port v0xaa3065220, 1;
v0xaa3065220_2 .array/port v0xaa3065220, 2;
v0xaa3065220_3 .array/port v0xaa3065220, 3;
v0xaa3065220_4 .array/port v0xaa3065220, 4;
E_0xaa305ef80/22 .event anyedge, v0xaa3065220_1, v0xaa3065220_2, v0xaa3065220_3, v0xaa3065220_4;
v0xaa3065220_5 .array/port v0xaa3065220, 5;
v0xaa3065220_6 .array/port v0xaa3065220, 6;
v0xaa3065220_7 .array/port v0xaa3065220, 7;
v0xaa3065220_8 .array/port v0xaa3065220, 8;
E_0xaa305ef80/23 .event anyedge, v0xaa3065220_5, v0xaa3065220_6, v0xaa3065220_7, v0xaa3065220_8;
v0xaa3065220_9 .array/port v0xaa3065220, 9;
v0xaa3065220_10 .array/port v0xaa3065220, 10;
v0xaa3065220_11 .array/port v0xaa3065220, 11;
v0xaa3065220_12 .array/port v0xaa3065220, 12;
E_0xaa305ef80/24 .event anyedge, v0xaa3065220_9, v0xaa3065220_10, v0xaa3065220_11, v0xaa3065220_12;
v0xaa3065220_13 .array/port v0xaa3065220, 13;
v0xaa3065220_14 .array/port v0xaa3065220, 14;
v0xaa3065220_15 .array/port v0xaa3065220, 15;
E_0xaa305ef80/25 .event anyedge, v0xaa3065220_13, v0xaa3065220_14, v0xaa3065220_15, v0xaa3065ea0_0;
v0xaa3066260_0 .array/port v0xaa3066260, 0;
v0xaa3066260_1 .array/port v0xaa3066260, 1;
v0xaa3066260_2 .array/port v0xaa3066260, 2;
v0xaa3066260_3 .array/port v0xaa3066260, 3;
E_0xaa305ef80/26 .event anyedge, v0xaa3066260_0, v0xaa3066260_1, v0xaa3066260_2, v0xaa3066260_3;
v0xaa3066260_4 .array/port v0xaa3066260, 4;
v0xaa3066260_5 .array/port v0xaa3066260, 5;
v0xaa3066260_6 .array/port v0xaa3066260, 6;
v0xaa3066260_7 .array/port v0xaa3066260, 7;
E_0xaa305ef80/27 .event anyedge, v0xaa3066260_4, v0xaa3066260_5, v0xaa3066260_6, v0xaa3066260_7;
v0xaa3066260_8 .array/port v0xaa3066260, 8;
v0xaa3066260_9 .array/port v0xaa3066260, 9;
v0xaa3066260_10 .array/port v0xaa3066260, 10;
v0xaa3066260_11 .array/port v0xaa3066260, 11;
E_0xaa305ef80/28 .event anyedge, v0xaa3066260_8, v0xaa3066260_9, v0xaa3066260_10, v0xaa3066260_11;
v0xaa3066260_12 .array/port v0xaa3066260, 12;
v0xaa3066260_13 .array/port v0xaa3066260, 13;
v0xaa3066260_14 .array/port v0xaa3066260, 14;
v0xaa3066260_15 .array/port v0xaa3066260, 15;
E_0xaa305ef80/29 .event anyedge, v0xaa3066260_12, v0xaa3066260_13, v0xaa3066260_14, v0xaa3066260_15;
E_0xaa305ef80 .event/or E_0xaa305ef80/0, E_0xaa305ef80/1, E_0xaa305ef80/2, E_0xaa305ef80/3, E_0xaa305ef80/4, E_0xaa305ef80/5, E_0xaa305ef80/6, E_0xaa305ef80/7, E_0xaa305ef80/8, E_0xaa305ef80/9, E_0xaa305ef80/10, E_0xaa305ef80/11, E_0xaa305ef80/12, E_0xaa305ef80/13, E_0xaa305ef80/14, E_0xaa305ef80/15, E_0xaa305ef80/16, E_0xaa305ef80/17, E_0xaa305ef80/18, E_0xaa305ef80/19, E_0xaa305ef80/20, E_0xaa305ef80/21, E_0xaa305ef80/22, E_0xaa305ef80/23, E_0xaa305ef80/24, E_0xaa305ef80/25, E_0xaa305ef80/26, E_0xaa305ef80/27, E_0xaa305ef80/28, E_0xaa305ef80/29;
S_0x105b3d3b0 .scope autotask, "biq_stage" "biq_stage" 4 295, 4 295 0, S_0x105b28d10;
 .timescale -9 -12;
v0xaa30640a0_0 .var/s "a1", 31 0;
v0xaa3064140_0 .var/s "a2", 31 0;
v0xaa30641e0_0 .var/s "b0", 31 0;
v0xaa3064280_0 .var/s "b1", 31 0;
v0xaa3064320_0 .var/s "b2", 31 0;
v0xaa30643c0_0 .var/s "nr0", 127 0;
v0xaa3064460_0 .var/s "nr1", 127 0;
v0xaa3064500_0 .var/s "op", 127 0;
v0xaa30645a0_0 .var/s "x", 31 0;
v0xaa3064640_0 .var/s "y", 127 0;
TD_tb_reverb1.core.biq_stage ;
    %load/vec4 v0xaa3065860_0;
    %flag_set/vec4 8;
    %jmp/0 T_0.0, 8;
    %load/vec4 v0xaa3066080_0;
    %pad/u 7;
    %ix/vec4 4;
    %load/vec4a v0xaa30666c0, 4;
    %jmp/1 T_0.1, 8;
T_0.0 ; End of true expr.
    %load/vec4 v0xaa3066080_0;
    %pad/u 7;
    %ix/vec4 4;
    %load/vec4a v0xaa3066620, 4;
    %jmp/0 T_0.1, 8;
 ; End of false expr.
    %blend;
T_0.1;
    %store/vec4 v0xaa30645a0_0, 0, 32;
    %load/vec4 v0xaa3064d20_0;
    %pad/u 32;
    %cmpi/e 0, 0, 32;
    %flag_mov 8, 4;
    %jmp/0 T_0.2, 8;
    %ix/load 4, 0, 0;
    %flag_set/imm 4, 0;
    %load/vec4a v0xaa3065040, 4;
    %jmp/1 T_0.3, 8;
T_0.2 ; End of true expr.
    %load/vec4 v0xaa3064d20_0;
    %pad/u 32;
    %cmpi/e 1, 0, 32;
    %flag_mov 9, 4;
    %jmp/0 T_0.4, 9;
    %ix/load 4, 0, 0;
    %flag_set/imm 4, 0;
    %load/vec4a v0xaa3064f00, 4;
    %jmp/1 T_0.5, 9;
T_0.4 ; End of true expr.
    %ix/load 4, 0, 0;
    %flag_set/imm 4, 0;
    %load/vec4a v0xaa3064fa0, 4;
    %jmp/0 T_0.5, 9;
 ; End of false expr.
    %blend;
T_0.5;
    %jmp/0 T_0.3, 8;
 ; End of false expr.
    %blend;
T_0.3;
    %store/vec4 v0xaa30641e0_0, 0, 32;
    %load/vec4 v0xaa3064d20_0;
    %pad/u 32;
    %cmpi/e 0, 0, 32;
    %flag_mov 8, 4;
    %jmp/0 T_0.6, 8;
    %ix/load 4, 1, 0;
    %flag_set/imm 4, 0;
    %load/vec4a v0xaa3065040, 4;
    %jmp/1 T_0.7, 8;
T_0.6 ; End of true expr.
    %load/vec4 v0xaa3064d20_0;
    %pad/u 32;
    %cmpi/e 1, 0, 32;
    %flag_mov 9, 4;
    %jmp/0 T_0.8, 9;
    %ix/load 4, 1, 0;
    %flag_set/imm 4, 0;
    %load/vec4a v0xaa3064f00, 4;
    %jmp/1 T_0.9, 9;
T_0.8 ; End of true expr.
    %ix/load 4, 1, 0;
    %flag_set/imm 4, 0;
    %load/vec4a v0xaa3064fa0, 4;
    %jmp/0 T_0.9, 9;
 ; End of false expr.
    %blend;
T_0.9;
    %jmp/0 T_0.7, 8;
 ; End of false expr.
    %blend;
T_0.7;
    %store/vec4 v0xaa3064280_0, 0, 32;
    %load/vec4 v0xaa3064d20_0;
    %pad/u 32;
    %cmpi/e 0, 0, 32;
    %flag_mov 8, 4;
    %jmp/0 T_0.10, 8;
    %ix/load 4, 2, 0;
    %flag_set/imm 4, 0;
    %load/vec4a v0xaa3065040, 4;
    %jmp/1 T_0.11, 8;
T_0.10 ; End of true expr.
    %load/vec4 v0xaa3064d20_0;
    %pad/u 32;
    %cmpi/e 1, 0, 32;
    %flag_mov 9, 4;
    %jmp/0 T_0.12, 9;
    %ix/load 4, 2, 0;
    %flag_set/imm 4, 0;
    %load/vec4a v0xaa3064f00, 4;
    %jmp/1 T_0.13, 9;
T_0.12 ; End of true expr.
    %ix/load 4, 2, 0;
    %flag_set/imm 4, 0;
    %load/vec4a v0xaa3064fa0, 4;
    %jmp/0 T_0.13, 9;
 ; End of false expr.
    %blend;
T_0.13;
    %jmp/0 T_0.11, 8;
 ; End of false expr.
    %blend;
T_0.11;
    %store/vec4 v0xaa3064320_0, 0, 32;
    %load/vec4 v0xaa3064d20_0;
    %pad/u 32;
    %cmpi/e 0, 0, 32;
    %flag_mov 8, 4;
    %jmp/0 T_0.14, 8;
    %ix/load 4, 3, 0;
    %flag_set/imm 4, 0;
    %load/vec4a v0xaa3065040, 4;
    %jmp/1 T_0.15, 8;
T_0.14 ; End of true expr.
    %load/vec4 v0xaa3064d20_0;
    %pad/u 32;
    %cmpi/e 1, 0, 32;
    %flag_mov 9, 4;
    %jmp/0 T_0.16, 9;
    %ix/load 4, 3, 0;
    %flag_set/imm 4, 0;
    %load/vec4a v0xaa3064f00, 4;
    %jmp/1 T_0.17, 9;
T_0.16 ; End of true expr.
    %ix/load 4, 3, 0;
    %flag_set/imm 4, 0;
    %load/vec4a v0xaa3064fa0, 4;
    %jmp/0 T_0.17, 9;
 ; End of false expr.
    %blend;
T_0.17;
    %jmp/0 T_0.15, 8;
 ; End of false expr.
    %blend;
T_0.15;
    %store/vec4 v0xaa30640a0_0, 0, 32;
    %load/vec4 v0xaa3064d20_0;
    %pad/u 32;
    %cmpi/e 0, 0, 32;
    %flag_mov 8, 4;
    %jmp/0 T_0.18, 8;
    %ix/load 4, 4, 0;
    %flag_set/imm 4, 0;
    %load/vec4a v0xaa3065040, 4;
    %jmp/1 T_0.19, 8;
T_0.18 ; End of true expr.
    %load/vec4 v0xaa3064d20_0;
    %pad/u 32;
    %cmpi/e 1, 0, 32;
    %flag_mov 9, 4;
    %jmp/0 T_0.20, 9;
    %ix/load 4, 4, 0;
    %flag_set/imm 4, 0;
    %load/vec4a v0xaa3064f00, 4;
    %jmp/1 T_0.21, 9;
T_0.20 ; End of true expr.
    %ix/load 4, 4, 0;
    %flag_set/imm 4, 0;
    %load/vec4a v0xaa3064fa0, 4;
    %jmp/0 T_0.21, 9;
 ; End of false expr.
    %blend;
T_0.21;
    %jmp/0 T_0.19, 8;
 ; End of false expr.
    %blend;
T_0.19;
    %store/vec4 v0xaa3064140_0, 0, 32;
    %load/vec4 v0xaa30645a0_0;
    %pad/s 128;
    %load/vec4 v0xaa30641e0_0;
    %pad/s 128;
    %mul;
    %load/vec4 v0xaa3064d20_0;
    %pad/u 32;
    %muli 2, 0, 32;
    %load/vec4 v0xaa3065860_0;
    %pad/u 32;
    %add;
    %ix/vec4 4;
    %load/vec4a v0xaa3064e60, 4;
    %pad/s 128;
    %add;
    %store/vec4 v0xaa3064500_0, 0, 128;
    %load/vec4 v0xaa30645a0_0;
    %pad/s 128;
    %load/vec4 v0xaa3064280_0;
    %pad/s 128;
    %mul;
    %pushi/vec4 6, 0, 32;
    %load/vec4 v0xaa3064d20_0;
    %pad/u 32;
    %muli 2, 0, 32;
    %add;
    %load/vec4 v0xaa3065860_0;
    %pad/u 32;
    %add;
    %ix/vec4 4;
    %load/vec4a v0xaa3064e60, 4;
    %pad/s 128;
    %add;
    %load/vec4 v0xaa30640a0_0;
    %pad/s 128;
    %load/vec4 v0xaa3064500_0;
    %mul;
    %addi 268435456, 0, 128;
    %ix/load 4, 29, 0;
    %flag_set/imm 4, 0;
    %shiftr/s 4;
    %sub;
    %store/vec4 v0xaa30643c0_0, 0, 128;
    %load/vec4 v0xaa30645a0_0;
    %pad/s 128;
    %load/vec4 v0xaa3064320_0;
    %pad/s 128;
    %mul;
    %load/vec4 v0xaa3064140_0;
    %pad/s 128;
    %load/vec4 v0xaa3064500_0;
    %mul;
    %addi 268435456, 0, 128;
    %ix/load 4, 29, 0;
    %flag_set/imm 4, 0;
    %shiftr/s 4;
    %sub;
    %store/vec4 v0xaa3064460_0, 0, 128;
    %pushi/vec4 4294967295, 0, 81;
    %concati/vec4 4294967295, 0, 32;
    %concati/vec4 32767, 0, 15;
    %load/vec4 v0xaa30643c0_0;
    %cmp/s;
    %flag_or 5, 4;
    %jmp/1 T_0.24, 5;
    %flag_mov 8, 5;
    %load/vec4 v0xaa30643c0_0;
    %pushi/vec4 4294967295, 0, 32;
    %concati/vec4 4294934528, 0, 32;
    %concati/vec4 0, 0, 64;
    %cmp/s;
    %flag_or 5, 4;
    %flag_or 5, 8;
T_0.24;
    %jmp/0xz  T_0.22, 5;
    %vpi_call/w 4 314 "$fatal", 32'sb00000000000000000000000000000001, "biquad reg0 overflow bi=%0d ch=%0d", v0xaa3064d20_0, v0xaa3065860_0 {0 0 0};
T_0.22 ;
    %pushi/vec4 4294967295, 0, 81;
    %concati/vec4 4294967295, 0, 32;
    %concati/vec4 32767, 0, 15;
    %load/vec4 v0xaa3064460_0;
    %cmp/s;
    %flag_or 5, 4;
    %jmp/1 T_0.27, 5;
    %flag_mov 8, 5;
    %load/vec4 v0xaa3064460_0;
    %pushi/vec4 4294967295, 0, 32;
    %concati/vec4 4294934528, 0, 32;
    %concati/vec4 0, 0, 64;
    %cmp/s;
    %flag_or 5, 4;
    %flag_or 5, 8;
T_0.27;
    %jmp/0xz  T_0.25, 5;
    %vpi_call/w 4 316 "$fatal", 32'sb00000000000000000000000000000001, "biquad reg1 overflow bi=%0d ch=%0d", v0xaa3064d20_0, v0xaa3065860_0 {0 0 0};
T_0.25 ;
    %load/vec4 v0xaa30643c0_0;
    %pad/s 80;
    %load/vec4 v0xaa3064d20_0;
    %pad/u 32;
    %muli 2, 0, 32;
    %load/vec4 v0xaa3065860_0;
    %pad/u 32;
    %add;
    %ix/vec4 4;
    %store/vec4a v0xaa3064e60, 4, 0;
    %load/vec4 v0xaa3064460_0;
    %pad/s 80;
    %pushi/vec4 6, 0, 32;
    %load/vec4 v0xaa3064d20_0;
    %pad/u 32;
    %muli 2, 0, 32;
    %add;
    %load/vec4 v0xaa3065860_0;
    %pad/u 32;
    %add;
    %ix/vec4 4;
    %store/vec4a v0xaa3064e60, 4, 0;
    %alloc S_0x105b3c810;
    %load/vec4 v0xaa3064500_0;
    %pushi/vec4 29, 0, 32;
    %store/vec4 v0xaa3064780_0, 0, 32;
    %store/vec4 v0xaa3064960_0, 0, 128;
    %callf/vec4 TD_tb_reverb1.core.rndsat32, S_0x105b3c810;
    %free S_0x105b3c810;
    %pad/s 128;
    %store/vec4 v0xaa3064640_0, 0, 128;
    %load/vec4 v0xaa3065860_0;
    %flag_set/vec4 8;
    %jmp/0xz  T_0.28, 8;
    %load/vec4 v0xaa3064640_0;
    %pad/s 32;
    %load/vec4 v0xaa3066080_0;
    %pad/u 7;
    %ix/vec4 4;
    %store/vec4a v0xaa30666c0, 4, 0;
    %jmp T_0.29;
T_0.28 ;
    %load/vec4 v0xaa3064640_0;
    %pad/s 32;
    %load/vec4 v0xaa3066080_0;
    %pad/u 7;
    %ix/vec4 4;
    %store/vec4a v0xaa3066620, 4, 0;
T_0.29 ;
    %end;
S_0x105b3d530 .scope autotask, "clear_state" "clear_state" 4 270, 4 270 0, S_0x105b28d10;
 .timescale -9 -12;
v0xaa30646e0_0 .var/i "ri", 31 0;
TD_tb_reverb1.core.clear_state ;
    %pushi/vec4 0, 0, 4;
    %assign/vec4 v0xaa30663a0_0, 0;
    %pushi/vec4 0, 0, 1;
    %assign/vec4 v0xaa3066300_0, 0;
    %pushi/vec4 0, 0, 15;
    %assign/vec4 v0xaa30659a0_0, 0;
    %pushi/vec4 0, 0, 32;
    %store/vec4 v0xaa30646e0_0, 0, 32;
T_1.30 ; Top of for-loop
    %load/vec4 v0xaa30646e0_0;
    %cmpi/s 16, 0, 32;
	  %jmp/0xz T_1.31, 5;
    %pushi/vec4 0, 0, 32;
    %ix/getv/s 3, v0xaa30646e0_0;
    %ix/load 4, 0, 0; Constant delay
    %assign/vec4/a/d v0xaa3066260, 0, 4;
T_1.32 ; for-loop step statement
    ; show_stmt_assign_vector: Get l-value for compressed += operand
    %load/vec4 v0xaa30646e0_0;
    %pushi/vec4 1, 0, 32;
    %add;
    %store/vec4 v0xaa30646e0_0, 0, 32;
    %jmp T_1.30;
T_1.31 ; for-loop exit label
    %pushi/vec4 0, 0, 32;
    %store/vec4 v0xaa30646e0_0, 0, 32;
T_1.33 ; Top of for-loop
    %load/vec4 v0xaa30646e0_0;
    %cmpi/s 12, 0, 32;
	  %jmp/0xz T_1.34, 5;
    %pushi/vec4 0, 0, 80;
    %ix/getv/s 3, v0xaa30646e0_0;
    %ix/load 4, 0, 0; Constant delay
    %assign/vec4/a/d v0xaa3064e60, 0, 4;
T_1.35 ; for-loop step statement
    ; show_stmt_assign_vector: Get l-value for compressed += operand
    %load/vec4 v0xaa30646e0_0;
    %pushi/vec4 1, 0, 32;
    %add;
    %store/vec4 v0xaa30646e0_0, 0, 32;
    %jmp T_1.33;
T_1.34 ; for-loop exit label
    %pushi/vec4 0, 0, 1;
    %assign/vec4 v0xaa3064dc0_0, 0;
    %pushi/vec4 0, 0, 5;
    %assign/vec4 v0xaa3066080_0, 0;
    %pushi/vec4 0, 0, 5;
    %assign/vec4 v0xaa3066580_0, 0;
    %pushi/vec4 0, 0, 3;
    %assign/vec4 v0xaa3064d20_0, 0;
    %pushi/vec4 0, 0, 1;
    %assign/vec4 v0xaa3065860_0, 0;
    %pushi/vec4 0, 0, 37;
    %assign/vec4 v0xaa3065e00_0, 0;
    %pushi/vec4 0, 0, 32;
    %store/vec4 v0xaa30646e0_0, 0, 32;
T_1.36 ; Top of for-loop
    %load/vec4 v0xaa30646e0_0;
    %cmpi/s 32, 0, 32;
	  %jmp/0xz T_1.37, 5;
    %pushi/vec4 0, 0, 32;
    %ix/getv/s 3, v0xaa30646e0_0;
    %ix/load 4, 0, 0; Constant delay
    %assign/vec4/a/d v0xaa3066620, 0, 4;
    %pushi/vec4 0, 0, 32;
    %ix/getv/s 3, v0xaa30646e0_0;
    %ix/load 4, 0, 0; Constant delay
    %assign/vec4/a/d v0xaa30666c0, 0, 4;
T_1.38 ; for-loop step statement
    ; show_stmt_assign_vector: Get l-value for compressed += operand
    %load/vec4 v0xaa30646e0_0;
    %pushi/vec4 1, 0, 32;
    %add;
    %store/vec4 v0xaa30646e0_0, 0, 32;
    %jmp T_1.36;
T_1.37 ; for-loop exit label
    %end;
S_0x105b3c810 .scope autofunction.vec4.u32, "rndsat32" "rndsat32" 4 121, 4 121 0, S_0x105b28d10;
 .timescale -9 -12;
v0xaa3064780_0 .var/2s "f", 31 0;
v0xaa3064820_0 .var/s "r", 127 0;
; Variable rndsat32 is vec4 return value of scope S_0x105b3c810
v0xaa3064960_0 .var/s "x", 127 0;
TD_tb_reverb1.core.rndsat32 ;
    %load/vec4 v0xaa3064960_0;
    %pushi/vec4 1, 0, 128;
    %load/vec4 v0xaa3064780_0;
    %subi 1, 0, 32;
    %ix/vec4 4;
    %shiftl 4;
    %add;
    %load/vec4 v0xaa3064780_0;
    %ix/vec4 4;
    %shiftr/s 4;
    %store/vec4 v0xaa3064820_0, 0, 128;
    %alloc S_0x105b3bfb0;
    %load/vec4 v0xaa3064820_0;
    %store/vec4 v0xaa3064aa0_0, 0, 128;
    %callf/vec4 TD_tb_reverb1.core.sat32, S_0x105b3bfb0;
    %free S_0x105b3bfb0;
    %ret/vec4 0, 0, 32;  Assign to rndsat32 (store_vec4_to_lval)
    %end;
S_0x105b3bfb0 .scope autofunction.vec4.u32, "sat32" "sat32" 4 114, 4 114 0, S_0x105b28d10;
 .timescale -9 -12;
; Variable sat32 is vec4 return value of scope S_0x105b3bfb0
v0xaa3064aa0_0 .var/s "v", 127 0;
TD_tb_reverb1.core.sat32 ;
    %load/vec4 v0xaa3064aa0_0;
    %cmpi/s 2147483647, 0, 128;
    %flag_or 5, 4; GT is !LE
    %flag_inv 5;
    %jmp/0xz  T_3.39, 5;
    %pushi/vec4 2147483647, 0, 32;
    %ret/vec4 0, 0, 32;  Assign to sat32 (store_vec4_to_lval)
    %jmp T_3.40;
T_3.39 ;
    %load/vec4 v0xaa3064aa0_0;
    %pushi/vec4 4294967295, 0, 32;
    %concati/vec4 4294967295, 0, 32;
    %concati/vec4 4294967295, 0, 32;
    %concati/vec4 2147483648, 0, 32;
    %cmp/s;
    %jmp/0xz  T_3.41, 5;
    %pushi/vec4 2147483648, 0, 32;
    %ret/vec4 0, 0, 32;  Assign to sat32 (store_vec4_to_lval)
    %jmp T_3.42;
T_3.41 ;
    %load/vec4 v0xaa3064aa0_0;
    %parti/s 32, 0, 2;
    %ret/vec4 0, 0, 32;  Assign to sat32 (store_vec4_to_lval)
T_3.42 ;
T_3.40 ;
    %end;
S_0x105b3c130 .scope autotask, "width_stage" "width_stage" 4 324, 4 324 0, S_0x105b28d10;
 .timescale -9 -12;
v0xaa3064b40_0 .var/s "mid", 33 0;
v0xaa3064be0_0 .var/s "p", 127 0;
v0xaa3064c80_0 .var/s "sd", 33 0;
TD_tb_reverb1.core.width_stage ;
    %load/vec4 v0xaa3066080_0;
    %pad/u 7;
    %ix/vec4 4;
    %load/vec4a v0xaa3066620, 4;
    %pad/s 34;
    %load/vec4 v0xaa3066080_0;
    %pad/u 7;
    %ix/vec4 4;
    %load/vec4a v0xaa30666c0, 4;
    %pad/s 34;
    %add;
    %ix/load 4, 1, 0;
    %flag_set/imm 4, 0;
    %shiftr/s 4;
    %store/vec4 v0xaa3064b40_0, 0, 34;
    %load/vec4 v0xaa3066080_0;
    %pad/u 7;
    %ix/vec4 4;
    %load/vec4a v0xaa3066620, 4;
    %pad/s 128;
    %load/vec4 v0xaa3066080_0;
    %pad/u 7;
    %ix/vec4 4;
    %load/vec4a v0xaa30666c0, 4;
    %pad/s 128;
    %sub;
    %ix/load 4, 1, 0;
    %flag_set/imm 4, 0;
    %shiftr/s 4;
    %load/vec4 v0xaa30657c0_0;
    %pad/s 128;
    %mul;
    %store/vec4 v0xaa3064be0_0, 0, 128;
    %alloc S_0x105b3c810;
    %load/vec4 v0xaa3064be0_0;
    %pushi/vec4 30, 0, 32;
    %store/vec4 v0xaa3064780_0, 0, 32;
    %store/vec4 v0xaa3064960_0, 0, 128;
    %callf/vec4 TD_tb_reverb1.core.rndsat32, S_0x105b3c810;
    %free S_0x105b3c810;
    %pad/s 34;
    %store/vec4 v0xaa3064c80_0, 0, 34;
    %alloc S_0x105b3bfb0;
    %load/vec4 v0xaa3064b40_0;
    %pad/s 128;
    %load/vec4 v0xaa3064c80_0;
    %pad/s 128;
    %add;
    %store/vec4 v0xaa3064aa0_0, 0, 128;
    %callf/vec4 TD_tb_reverb1.core.sat32, S_0x105b3bfb0;
    %free S_0x105b3bfb0;
    %load/vec4 v0xaa3066080_0;
    %pad/u 7;
    %ix/vec4 4;
    %store/vec4a v0xaa3066620, 4, 0;
    %alloc S_0x105b3bfb0;
    %load/vec4 v0xaa3064b40_0;
    %pad/s 128;
    %load/vec4 v0xaa3064c80_0;
    %pad/s 128;
    %sub;
    %store/vec4 v0xaa3064aa0_0, 0, 128;
    %callf/vec4 TD_tb_reverb1.core.sat32, S_0x105b3bfb0;
    %free S_0x105b3bfb0;
    %load/vec4 v0xaa3066080_0;
    %pad/u 7;
    %ix/vec4 4;
    %store/vec4a v0xaa30666c0, 4, 0;
    %end;
S_0x105b3dfb0 .scope autotask, "dump_checkpoint" "dump_checkpoint" 3 141, 3 141 0, S_0x105b348f0;
 .timescale -9 -12;
v0xaa3066760_0 .var/i "blk", 31 0;
TD_tb_reverb1.dump_checkpoint ;
    %vpi_call/w 3 142 "$fwrite", v0xaa3066e40_0, "T %0d %0d", v0xaa3066760_0, v0xaa30659a0_0 {0 0 0};
    %pushi/vec4 0, 0, 32;
    %store/vec4 v0xaa3066f80_0, 0, 32;
T_5.43 ; Top of for-loop
    %load/vec4 v0xaa3066f80_0;
    %cmpi/s 16, 0, 32;
	  %jmp/0xz T_5.44, 5;
    %vpi_call/w 3 143 "$fwrite", v0xaa3066e40_0, " %0d", &A<v0xaa3066260, v0xaa3066f80_0 > {0 0 0};
T_5.45 ; for-loop step statement
    ; show_stmt_assign_vector: Get l-value for compressed += operand
    %load/vec4 v0xaa3066f80_0;
    %pushi/vec4 1, 0, 32;
    %add;
    %store/vec4 v0xaa3066f80_0, 0, 32;
    %jmp T_5.43;
T_5.44 ; for-loop exit label
    %pushi/vec4 0, 0, 32;
    %store/vec4 v0xaa3066f80_0, 0, 32;
T_5.46 ; Top of for-loop
    %load/vec4 v0xaa3066f80_0;
    %cmpi/s 12, 0, 32;
	  %jmp/0xz T_5.47, 5;
    %vpi_call/w 3 144 "$fwrite", v0xaa3066e40_0, " %0d", &A<v0xaa3064e60, v0xaa3066f80_0 > {0 0 0};
T_5.48 ; for-loop step statement
    ; show_stmt_assign_vector: Get l-value for compressed += operand
    %load/vec4 v0xaa3066f80_0;
    %pushi/vec4 1, 0, 32;
    %add;
    %store/vec4 v0xaa3066f80_0, 0, 32;
    %jmp T_5.46;
T_5.47 ; for-loop exit label
    %vpi_call/w 3 145 "$fwrite", v0xaa3066e40_0, "\012" {0 0 0};
    %vpi_call/w 3 146 "$fwrite", v0xaa3066e40_0, "O %0d", v0xaa3066760_0 {0 0 0};
    %pushi/vec4 0, 0, 32;
    %store/vec4 v0xaa3066f80_0, 0, 32;
T_5.49 ; Top of for-loop
    %load/vec4 v0xaa3066f80_0;
    %cmpi/s 32, 0, 32;
	  %jmp/0xz T_5.50, 5;
    %vpi_call/w 3 147 "$fwrite", v0xaa3066e40_0, " %0d", &A<v0xaa3066120, v0xaa3066f80_0 > {0 0 0};
T_5.51 ; for-loop step statement
    ; show_stmt_assign_vector: Get l-value for compressed += operand
    %load/vec4 v0xaa3066f80_0;
    %pushi/vec4 1, 0, 32;
    %add;
    %store/vec4 v0xaa3066f80_0, 0, 32;
    %jmp T_5.49;
T_5.50 ; for-loop exit label
    %pushi/vec4 0, 0, 32;
    %store/vec4 v0xaa3066f80_0, 0, 32;
T_5.52 ; Top of for-loop
    %load/vec4 v0xaa3066f80_0;
    %cmpi/s 32, 0, 32;
	  %jmp/0xz T_5.53, 5;
    %vpi_call/w 3 148 "$fwrite", v0xaa3066e40_0, " %0d", &A<v0xaa30661c0, v0xaa3066f80_0 > {0 0 0};
T_5.54 ; for-loop step statement
    ; show_stmt_assign_vector: Get l-value for compressed += operand
    %load/vec4 v0xaa3066f80_0;
    %pushi/vec4 1, 0, 32;
    %add;
    %store/vec4 v0xaa3066f80_0, 0, 32;
    %jmp T_5.52;
T_5.53 ; for-loop exit label
    %vpi_call/w 3 149 "$fwrite", v0xaa3066e40_0, "\012" {0 0 0};
    %end;
    .scope S_0x105b28d10;
T_6 ;
    %pushi/vec4 0, 0, 4;
    %store/vec4 v0xaa30663a0_0, 0, 4;
    %pushi/vec4 0, 0, 1;
    %store/vec4 v0xaa3066300_0, 0, 1;
    %pushi/vec4 0, 0, 5;
    %store/vec4 v0xaa3066080_0, 0, 5;
    %pushi/vec4 0, 0, 5;
    %store/vec4 v0xaa3066580_0, 0, 5;
    %pushi/vec4 0, 0, 3;
    %store/vec4 v0xaa3064d20_0, 0, 3;
    %pushi/vec4 0, 0, 1;
    %store/vec4 v0xaa3065860_0, 0, 1;
    %pushi/vec4 0, 0, 37;
    %store/vec4 v0xaa3065e00_0, 0, 37;
    %end;
    .thread T_6, $init;
    .scope S_0x105b28d10;
T_7 ;
    %wait E_0xaa305ef80;
    %pushi/vec4 0, 0, 1;
    %store/vec4 v0xaa3065c20_0, 0, 1;
    %pushi/vec4 0, 0, 1;
    %store/vec4 v0xaa3065d60_0, 0, 1;
    %pushi/vec4 0, 0, 32;
    %store/vec4 v0xaa3065ae0_0, 0, 32;
    %pushi/vec4 0, 0, 32;
    %store/vec4 v0xaa3065cc0_0, 0, 32;
    %load/vec4 v0xaa3066300_0;
    %flag_set/vec4 8;
    %jmp/0xz  T_7.0, 8;
    %load/vec4 v0xaa30663a0_0;
    %dup/vec4;
    %pushi/vec4 1, 0, 4;
    %cmp/u;
    %jmp/1 T_7.2, 6;
    %dup/vec4;
    %pushi/vec4 2, 0, 4;
    %cmp/u;
    %jmp/1 T_7.3, 6;
    %dup/vec4;
    %pushi/vec4 3, 0, 4;
    %cmp/u;
    %jmp/1 T_7.4, 6;
    %dup/vec4;
    %pushi/vec4 4, 0, 4;
    %cmp/u;
    %jmp/1 T_7.5, 6;
    %jmp T_7.7;
T_7.2 ;
    %pushi/vec4 1, 0, 1;
    %store/vec4 v0xaa3065c20_0, 0, 1;
    %pushi/vec4 0, 0, 1;
    %load/vec4 v0xaa30659a0_0;
    %concat/vec4; draw_concat_vec4
    %pad/s 32;
    %load/vec4 v0xaa3066580_0;
    %pad/u 6;
    %ix/vec4 4;
    %load/vec4a v0xaa30652c0, 4;
    %ix/load 4, 8, 0;
    %flag_set/imm 4, 0;
    %shiftr/s 4;
    %sub;
    %store/vec4 v0xaa3065a40_0, 0, 32;
    %load/vec4 v0xaa3065a40_0;
    %pushi/vec4 32767, 0, 32;
    %and;
    %ix/load 4, 4, 0;
    %flag_set/imm 4, 0;
    %shiftl 4;
    %load/vec4 v0xaa3066580_0;
    %pad/u 32;
    %add;
    %store/vec4 v0xaa3065ae0_0, 0, 32;
    %jmp T_7.7;
T_7.3 ;
    %pushi/vec4 1, 0, 1;
    %store/vec4 v0xaa3065c20_0, 0, 1;
    %pushi/vec4 0, 0, 1;
    %load/vec4 v0xaa30659a0_0;
    %concat/vec4; draw_concat_vec4
    %pad/s 32;
    %load/vec4 v0xaa3065720_0;
    %sub;
    %store/vec4 v0xaa3065a40_0, 0, 32;
    %pushi/vec4 524288, 0, 32;
    %load/vec4 v0xaa3065a40_0;
    %pushi/vec4 32767, 0, 32;
    %and;
    %add;
    %store/vec4 v0xaa3065ae0_0, 0, 32;
    %jmp T_7.7;
T_7.4 ;
    %pushi/vec4 1, 0, 1;
    %store/vec4 v0xaa3065c20_0, 0, 1;
    %pushi/vec4 1, 0, 1;
    %store/vec4 v0xaa3065d60_0, 0, 1;
    %pushi/vec4 524288, 0, 32;
    %load/vec4 v0xaa30659a0_0;
    %pad/u 32;
    %addi 1, 0, 32;
    %pushi/vec4 32767, 0, 32;
    %and;
    %add;
    %store/vec4 v0xaa3065ae0_0, 0, 32;
    %alloc S_0x105b3bfb0;
    %load/vec4 v0xaa3066080_0;
    %pad/u 7;
    %ix/vec4 4;
    %load/vec4a v0xaa3065f40, 4;
    %pad/s 128;
    %ix/load 4, 5, 0;
    %flag_set/imm 4, 0;
    %shiftl 4;
    %load/vec4 v0xaa3066080_0;
    %pad/u 7;
    %ix/vec4 4;
    %load/vec4a v0xaa3065fe0, 4;
    %pad/s 128;
    %ix/load 4, 5, 0;
    %flag_set/imm 4, 0;
    %shiftl 4;
    %add;
    %ix/load 4, 1, 0;
    %flag_set/imm 4, 0;
    %shiftr/s 4;
    %store/vec4 v0xaa3064aa0_0, 0, 128;
    %callf/vec4 TD_tb_reverb1.core.sat32, S_0x105b3bfb0;
    %free S_0x105b3bfb0;
    %store/vec4 v0xaa3065cc0_0, 0, 32;
    %jmp T_7.7;
T_7.5 ;
    %pushi/vec4 1, 0, 1;
    %store/vec4 v0xaa3065c20_0, 0, 1;
    %pushi/vec4 1, 0, 1;
    %store/vec4 v0xaa3065d60_0, 0, 1;
    %load/vec4 v0xaa30659a0_0;
    %pad/u 32;
    %pushi/vec4 32767, 0, 32;
    %and;
    %ix/load 4, 4, 0;
    %flag_set/imm 4, 0;
    %shiftl 4;
    %load/vec4 v0xaa3066580_0;
    %pad/u 32;
    %add;
    %store/vec4 v0xaa3065ae0_0, 0, 32;
    %alloc S_0x105b3c810;
    %load/vec4 v0xaa3066580_0;
    %pad/u 6;
    %ix/vec4 4;
    %load/vec4a v0xaa3065220, 4;
    %pad/s 128;
    %load/vec4 v0xaa3065ea0_0;
    %pad/s 128;
    %load/vec4 v0xaa3066580_0;
    %pad/u 6;
    %ix/vec4 4;
    %load/vec4a v0xaa3066260, 4;
    %pad/s 128;
    %add;
    %mul;
    %pushi/vec4 31, 0, 32;
    %store/vec4 v0xaa3064780_0, 0, 32;
    %store/vec4 v0xaa3064960_0, 0, 128;
    %callf/vec4 TD_tb_reverb1.core.rndsat32, S_0x105b3c810;
    %free S_0x105b3c810;
    %store/vec4 v0xaa3065cc0_0, 0, 32;
    %jmp T_7.7;
T_7.7 ;
    %pop/vec4 1;
T_7.0 ;
    %jmp T_7;
    .thread T_7, $push;
    .scope S_0x105b28d10;
T_8 ;
    %wait E_0xaa305ef40;
    %load/vec4 v0xaa30664e0_0;
    %flag_set/vec4 8;
    %jmp/0xz  T_8.0, 8;
    %alloc S_0x105b3d530;
    %fork TD_tb_reverb1.core.clear_state, S_0x105b3d530;
    %join;
    %free S_0x105b3d530;
    %jmp T_8.1;
T_8.0 ;
    %pushi/vec4 0, 0, 1;
    %assign/vec4 v0xaa3064dc0_0, 0;
    %load/vec4 v0xaa30663a0_0;
    %dup/vec4;
    %pushi/vec4 0, 0, 4;
    %cmp/u;
    %jmp/1 T_8.2, 6;
    %dup/vec4;
    %pushi/vec4 1, 0, 4;
    %cmp/u;
    %jmp/1 T_8.3, 6;
    %dup/vec4;
    %pushi/vec4 2, 0, 4;
    %cmp/u;
    %jmp/1 T_8.4, 6;
    %dup/vec4;
    %pushi/vec4 3, 0, 4;
    %cmp/u;
    %jmp/1 T_8.5, 6;
    %dup/vec4;
    %pushi/vec4 4, 0, 4;
    %cmp/u;
    %jmp/1 T_8.6, 6;
    %dup/vec4;
    %pushi/vec4 5, 0, 4;
    %cmp/u;
    %jmp/1 T_8.7, 6;
    %dup/vec4;
    %pushi/vec4 6, 0, 4;
    %cmp/u;
    %jmp/1 T_8.8, 6;
    %dup/vec4;
    %pushi/vec4 7, 0, 4;
    %cmp/u;
    %jmp/1 T_8.9, 6;
    %dup/vec4;
    %pushi/vec4 8, 0, 4;
    %cmp/u;
    %jmp/1 T_8.10, 6;
    %pushi/vec4 0, 0, 4;
    %assign/vec4 v0xaa30663a0_0, 0;
    %jmp T_8.12;
T_8.2 ;
    %load/vec4 v0xaa3066440_0;
    %flag_set/vec4 8;
    %jmp/0xz  T_8.13, 8;
    %pushi/vec4 0, 0, 5;
    %assign/vec4 v0xaa3066080_0, 0;
    %pushi/vec4 1, 0, 1;
    %assign/vec4 v0xaa3066300_0, 0;
    %pushi/vec4 1, 0, 4;
    %assign/vec4 v0xaa30663a0_0, 0;
T_8.13 ;
    %jmp T_8.12;
T_8.3 ;
    %load/vec4 v0xaa3066580_0;
    %pad/u 32;
    %cmpi/e 0, 0, 32;
    %jmp/0xz  T_8.15, 4;
    %alloc S_0x105b3c810;
    %load/vec4 v0xaa30650e0_0;
    %pad/s 128;
    %ix/load 4, 0, 0;
    %flag_set/imm 4, 0;
    %load/vec4a v0xaa3066260, 4;
    %pad/s 128;
    %mul;
    %load/vec4 v0xaa3065180_0;
    %pad/s 128;
    %load/vec4 v0xaa3065b80_0;
    %pad/s 128;
    %mul;
    %add;
    %pushi/vec4 31, 0, 32;
    %store/vec4 v0xaa3064780_0, 0, 32;
    %store/vec4 v0xaa3064960_0, 0, 128;
    %callf/vec4 TD_tb_reverb1.core.rndsat32, S_0x105b3c810;
    %free S_0x105b3c810;
    %pad/s 37;
    %assign/vec4 v0xaa3065e00_0, 0;
    %jmp T_8.16;
T_8.15 ;
    %load/vec4 v0xaa3065e00_0;
    %alloc S_0x105b3c810;
    %load/vec4 v0xaa30650e0_0;
    %pad/s 128;
    %load/vec4 v0xaa3066580_0;
    %pad/u 6;
    %ix/vec4 4;
    %load/vec4a v0xaa3066260, 4;
    %pad/s 128;
    %mul;
    %load/vec4 v0xaa3065180_0;
    %pad/s 128;
    %load/vec4 v0xaa3065b80_0;
    %pad/s 128;
    %mul;
    %add;
    %pushi/vec4 31, 0, 32;
    %store/vec4 v0xaa3064780_0, 0, 32;
    %store/vec4 v0xaa3064960_0, 0, 128;
    %callf/vec4 TD_tb_reverb1.core.rndsat32, S_0x105b3c810;
    %free S_0x105b3c810;
    %pad/s 37;
    %add;
    %assign/vec4 v0xaa3065e00_0, 0;
T_8.16 ;
    %alloc S_0x105b3c810;
    %load/vec4 v0xaa30650e0_0;
    %pad/s 128;
    %load/vec4 v0xaa3066580_0;
    %pad/u 6;
    %ix/vec4 4;
    %load/vec4a v0xaa3066260, 4;
    %pad/s 128;
    %mul;
    %load/vec4 v0xaa3065180_0;
    %pad/s 128;
    %load/vec4 v0xaa3065b80_0;
    %pad/s 128;
    %mul;
    %add;
    %pushi/vec4 31, 0, 32;
    %store/vec4 v0xaa3064780_0, 0, 32;
    %store/vec4 v0xaa3064960_0, 0, 128;
    %callf/vec4 TD_tb_reverb1.core.rndsat32, S_0x105b3c810;
    %free S_0x105b3c810;
    %load/vec4 v0xaa3066580_0;
    %pad/u 6;
    %ix/vec4 3;
    %ix/load 4, 0, 0; Constant delay
    %assign/vec4/a/d v0xaa3066260, 0, 4;
    %load/vec4 v0xaa3066580_0;
    %pad/u 32;
    %cmpi/e 15, 0, 32;
    %jmp/0xz  T_8.17, 4;
    %pushi/vec4 2, 0, 4;
    %assign/vec4 v0xaa30663a0_0, 0;
    %pushi/vec4 0, 0, 5;
    %assign/vec4 v0xaa3066580_0, 0;
    %jmp T_8.18;
T_8.17 ;
    %load/vec4 v0xaa3066580_0;
    %addi 1, 0, 5;
    %assign/vec4 v0xaa3066580_0, 0;
T_8.18 ;
    %jmp T_8.12;
T_8.4 ;
    %load/vec4 v0xaa3065e00_0;
    %ix/load 4, 3, 0;
    %flag_set/imm 4, 0;
    %shiftr/s 4;
    %inv;
    %addi 1, 0, 37;
    %load/vec4 v0xaa3065b80_0;
    %pad/s 37;
    %add;
    %assign/vec4 v0xaa3065ea0_0, 0;
    %pushi/vec4 3, 0, 4;
    %assign/vec4 v0xaa30663a0_0, 0;
    %jmp T_8.12;
T_8.5 ;
    %load/vec4 v0xaa30659a0_0;
    %addi 1, 0, 15;
    %assign/vec4 v0xaa30659a0_0, 0;
    %pushi/vec4 4, 0, 4;
    %assign/vec4 v0xaa30663a0_0, 0;
    %jmp T_8.12;
T_8.6 ;
    %load/vec4 v0xaa3066580_0;
    %pad/u 32;
    %cmpi/e 0, 0, 32;
    %jmp/0xz  T_8.19, 4;
    %alloc S_0x105b3c810;
    %ix/load 4, 0, 0;
    %flag_set/imm 4, 0;
    %load/vec4a v0xaa30655e0, 4;
    %pad/s 128;
    %ix/load 4, 0, 0;
    %flag_set/imm 4, 0;
    %load/vec4a v0xaa3066260, 4;
    %pad/s 128;
    %mul;
    %pushi/vec4 31, 0, 32;
    %store/vec4 v0xaa3064780_0, 0, 32;
    %store/vec4 v0xaa3064960_0, 0, 128;
    %callf/vec4 TD_tb_reverb1.core.rndsat32, S_0x105b3c810;
    %free S_0x105b3c810;
    %load/vec4 v0xaa3066080_0;
    %pad/u 7;
    %ix/vec4 3;
    %ix/load 4, 0, 0; Constant delay
    %assign/vec4/a/d v0xaa3066620, 0, 4;
    %alloc S_0x105b3c810;
    %ix/load 4, 0, 0;
    %flag_set/imm 4, 0;
    %load/vec4a v0xaa3065680, 4;
    %pad/s 128;
    %ix/load 4, 0, 0;
    %flag_set/imm 4, 0;
    %load/vec4a v0xaa3066260, 4;
    %pad/s 128;
    %mul;
    %pushi/vec4 31, 0, 32;
    %store/vec4 v0xaa3064780_0, 0, 32;
    %store/vec4 v0xaa3064960_0, 0, 128;
    %callf/vec4 TD_tb_reverb1.core.rndsat32, S_0x105b3c810;
    %free S_0x105b3c810;
    %load/vec4 v0xaa3066080_0;
    %pad/u 7;
    %ix/vec4 3;
    %ix/load 4, 0, 0; Constant delay
    %assign/vec4/a/d v0xaa30666c0, 0, 4;
    %jmp T_8.20;
T_8.19 ;
    %load/vec4 v0xaa3066080_0;
    %pad/u 7;
    %ix/vec4 4;
    %load/vec4a v0xaa3066620, 4;
    %alloc S_0x105b3c810;
    %load/vec4 v0xaa3066580_0;
    %pad/u 6;
    %ix/vec4 4;
    %load/vec4a v0xaa30655e0, 4;
    %pad/s 128;
    %load/vec4 v0xaa3066580_0;
    %pad/u 6;
    %ix/vec4 4;
    %load/vec4a v0xaa3066260, 4;
    %pad/s 128;
    %mul;
    %pushi/vec4 31, 0, 32;
    %store/vec4 v0xaa3064780_0, 0, 32;
    %store/vec4 v0xaa3064960_0, 0, 128;
    %callf/vec4 TD_tb_reverb1.core.rndsat32, S_0x105b3c810;
    %free S_0x105b3c810;
    %add;
    %load/vec4 v0xaa3066080_0;
    %pad/u 7;
    %ix/vec4 3;
    %ix/load 4, 0, 0; Constant delay
    %assign/vec4/a/d v0xaa3066620, 0, 4;
    %load/vec4 v0xaa3066080_0;
    %pad/u 7;
    %ix/vec4 4;
    %load/vec4a v0xaa30666c0, 4;
    %alloc S_0x105b3c810;
    %load/vec4 v0xaa3066580_0;
    %pad/u 6;
    %ix/vec4 4;
    %load/vec4a v0xaa3065680, 4;
    %pad/s 128;
    %load/vec4 v0xaa3066580_0;
    %pad/u 6;
    %ix/vec4 4;
    %load/vec4a v0xaa3066260, 4;
    %pad/s 128;
    %mul;
    %pushi/vec4 31, 0, 32;
    %store/vec4 v0xaa3064780_0, 0, 32;
    %store/vec4 v0xaa3064960_0, 0, 128;
    %callf/vec4 TD_tb_reverb1.core.rndsat32, S_0x105b3c810;
    %free S_0x105b3c810;
    %add;
    %load/vec4 v0xaa3066080_0;
    %pad/u 7;
    %ix/vec4 3;
    %ix/load 4, 0, 0; Constant delay
    %assign/vec4/a/d v0xaa30666c0, 0, 4;
T_8.20 ;
    %load/vec4 v0xaa3066580_0;
    %pad/u 32;
    %cmpi/e 15, 0, 32;
    %jmp/0xz  T_8.21, 4;
    %pushi/vec4 0, 0, 5;
    %assign/vec4 v0xaa3066580_0, 0;
    %load/vec4 v0xaa3066080_0;
    %pad/u 32;
    %cmpi/e 31, 0, 32;
    %jmp/0xz  T_8.23, 4;
    %pushi/vec4 0, 0, 5;
    %assign/vec4 v0xaa3066080_0, 0;
    %load/vec4 v0xaa3065400_0;
    %flag_set/vec4 8;
    %jmp/0 T_8.25, 8;
    %pushi/vec4 0, 0, 3;
    %jmp/1 T_8.26, 8;
T_8.25 ; End of true expr.
    %pushi/vec4 1, 0, 3;
    %jmp/0 T_8.26, 8;
 ; End of false expr.
    %blend;
T_8.26;
    %assign/vec4 v0xaa3064d20_0, 0;
    %pushi/vec4 0, 0, 1;
    %assign/vec4 v0xaa3065860_0, 0;
    %pushi/vec4 5, 0, 4;
    %assign/vec4 v0xaa30663a0_0, 0;
    %jmp T_8.24;
T_8.23 ;
    %load/vec4 v0xaa3066080_0;
    %addi 1, 0, 5;
    %assign/vec4 v0xaa3066080_0, 0;
    %pushi/vec4 1, 0, 4;
    %assign/vec4 v0xaa30663a0_0, 0;
T_8.24 ;
    %jmp T_8.22;
T_8.21 ;
    %load/vec4 v0xaa3066580_0;
    %addi 1, 0, 5;
    %assign/vec4 v0xaa3066580_0, 0;
T_8.22 ;
    %jmp T_8.12;
T_8.7 ;
    %alloc S_0x105b3d3b0;
    %fork TD_tb_reverb1.core.biq_stage, S_0x105b3d3b0;
    %join;
    %free S_0x105b3d3b0;
    %load/vec4 v0xaa3066080_0;
    %pad/u 32;
    %cmpi/e 31, 0, 32;
    %jmp/0xz  T_8.27, 4;
    %pushi/vec4 0, 0, 5;
    %assign/vec4 v0xaa3066080_0, 0;
    %load/vec4 v0xaa3065860_0;
    %pad/u 32;
    %cmpi/e 0, 0, 32;
    %jmp/0xz  T_8.29, 4;
    %pushi/vec4 1, 0, 1;
    %assign/vec4 v0xaa3065860_0, 0;
    %jmp T_8.30;
T_8.29 ;
    %pushi/vec4 0, 0, 1;
    %assign/vec4 v0xaa3065860_0, 0;
    %load/vec4 v0xaa3064d20_0;
    %cmpi/e 2, 0, 3;
    %jmp/1 T_8.33, 4;
    %flag_mov 8, 4;
    %load/vec4 v0xaa3064d20_0;
    %cmpi/e 1, 0, 3;
    %flag_get/vec4 4;
    %jmp/0 T_8.34, 4;
    %load/vec4 v0xaa3065360_0;
    %nor/r;
    %and;
T_8.34;
    %flag_set/vec4 9;
    %flag_or 9, 8;
    %flag_mov 4, 9;
T_8.33;
    %jmp/0xz  T_8.31, 4;
    %pushi/vec4 6, 0, 4;
    %assign/vec4 v0xaa30663a0_0, 0;
    %jmp T_8.32;
T_8.31 ;
    %load/vec4 v0xaa3064d20_0;
    %addi 1, 0, 3;
    %assign/vec4 v0xaa3064d20_0, 0;
T_8.32 ;
T_8.30 ;
    %jmp T_8.28;
T_8.27 ;
    %load/vec4 v0xaa3066080_0;
    %addi 1, 0, 5;
    %assign/vec4 v0xaa3066080_0, 0;
T_8.28 ;
    %jmp T_8.12;
T_8.8 ;
    %alloc S_0x105b3c130;
    %fork TD_tb_reverb1.core.width_stage, S_0x105b3c130;
    %join;
    %free S_0x105b3c130;
    %load/vec4 v0xaa3066080_0;
    %pad/u 32;
    %cmpi/e 31, 0, 32;
    %jmp/0xz  T_8.35, 4;
    %pushi/vec4 0, 0, 5;
    %assign/vec4 v0xaa3066080_0, 0;
    %pushi/vec4 7, 0, 4;
    %assign/vec4 v0xaa30663a0_0, 0;
    %jmp T_8.36;
T_8.35 ;
    %load/vec4 v0xaa3066080_0;
    %addi 1, 0, 5;
    %assign/vec4 v0xaa3066080_0, 0;
T_8.36 ;
    %jmp T_8.12;
T_8.9 ;
    %alloc S_0x105b3c810;
    %load/vec4 v0xaa3065540_0;
    %pad/s 128;
    %load/vec4 v0xaa3066080_0;
    %pad/u 7;
    %ix/vec4 4;
    %load/vec4a v0xaa3065f40, 4;
    %pad/s 128;
    %ix/load 4, 5, 0;
    %flag_set/imm 4, 0;
    %shiftl 4;
    %mul;
    %load/vec4 v0xaa30654a0_0;
    %pad/s 128;
    %load/vec4 v0xaa3066080_0;
    %pad/u 7;
    %ix/vec4 4;
    %load/vec4a v0xaa3066620, 4;
    %pad/s 128;
    %mul;
    %add;
    %pushi/vec4 30, 0, 32;
    %store/vec4 v0xaa3064780_0, 0, 32;
    %store/vec4 v0xaa3064960_0, 0, 128;
    %callf/vec4 TD_tb_reverb1.core.rndsat32, S_0x105b3c810;
    %free S_0x105b3c810;
    %load/vec4 v0xaa3066080_0;
    %pad/u 7;
    %ix/vec4 3;
    %ix/load 4, 0, 0; Constant delay
    %assign/vec4/a/d v0xaa3066120, 0, 4;
    %alloc S_0x105b3c810;
    %load/vec4 v0xaa3065540_0;
    %pad/s 128;
    %load/vec4 v0xaa3066080_0;
    %pad/u 7;
    %ix/vec4 4;
    %load/vec4a v0xaa3065fe0, 4;
    %pad/s 128;
    %ix/load 4, 5, 0;
    %flag_set/imm 4, 0;
    %shiftl 4;
    %mul;
    %load/vec4 v0xaa30654a0_0;
    %pad/s 128;
    %load/vec4 v0xaa3066080_0;
    %pad/u 7;
    %ix/vec4 4;
    %load/vec4a v0xaa30666c0, 4;
    %pad/s 128;
    %mul;
    %add;
    %pushi/vec4 30, 0, 32;
    %store/vec4 v0xaa3064780_0, 0, 32;
    %store/vec4 v0xaa3064960_0, 0, 128;
    %callf/vec4 TD_tb_reverb1.core.rndsat32, S_0x105b3c810;
    %free S_0x105b3c810;
    %load/vec4 v0xaa3066080_0;
    %pad/u 7;
    %ix/vec4 3;
    %ix/load 4, 0, 0; Constant delay
    %assign/vec4/a/d v0xaa30661c0, 0, 4;
    %load/vec4 v0xaa3066080_0;
    %pad/u 32;
    %cmpi/e 31, 0, 32;
    %jmp/0xz  T_8.37, 4;
    %pushi/vec4 8, 0, 4;
    %assign/vec4 v0xaa30663a0_0, 0;
    %jmp T_8.38;
T_8.37 ;
    %load/vec4 v0xaa3066080_0;
    %addi 1, 0, 5;
    %assign/vec4 v0xaa3066080_0, 0;
T_8.38 ;
    %jmp T_8.12;
T_8.10 ;
    %pushi/vec4 1, 0, 1;
    %assign/vec4 v0xaa3064dc0_0, 0;
    %pushi/vec4 0, 0, 1;
    %assign/vec4 v0xaa3066300_0, 0;
    %pushi/vec4 0, 0, 4;
    %assign/vec4 v0xaa30663a0_0, 0;
    %jmp T_8.12;
T_8.12 ;
    %pop/vec4 1;
T_8.1 ;
    %jmp T_8;
    .thread T_8;
    .scope S_0x105b28d10;
T_9 ;
    %alloc S_0x105b3d530;
    %fork TD_tb_reverb1.core.clear_state, S_0x105b3d530;
    %join;
    %free S_0x105b3d530;
    %end;
    .thread T_9;
    .scope S_0x105b348f0;
T_10 ;
    %pushi/vec4 0, 0, 1;
    %store/vec4 v0xaa3066940_0, 0, 1;
    %pushi/vec4 0, 0, 1;
    %store/vec4 v0xaa3067200_0, 0, 1;
    %pushi/vec4 0, 0, 1;
    %store/vec4 v0xaa3067160_0, 0, 1;
    %end;
    .thread T_10, $init;
    .scope S_0x105b348f0;
T_11 ;
    %wait E_0xaa305ef40;
    %load/vec4 v0xaa3066b20_0;
    %flag_set/vec4 9;
    %flag_get/vec4 9;
    %jmp/0 T_11.2, 9;
    %load/vec4 v0xaa3066c60_0;
    %and;
T_11.2;
    %flag_set/vec4 8;
    %jmp/0xz  T_11.0, 8;
    %load/vec4 v0xaa3066bc0_0;
    %ix/getv 3, v0xaa30669e0_0;
    %ix/load 4, 0, 0; Constant delay
    %assign/vec4/a/d v0xaa3066d00, 0, 4;
T_11.0 ;
    %jmp T_11;
    .thread T_11;
    .scope S_0x105b348f0;
T_12 ;
    %wait E_0xaa305eb00;
    %load/vec4 v0xaa3066b20_0;
    %flag_set/vec4 8;
    %jmp/0xz  T_12.0, 8;
    %load/vec4 v0xaa3066c60_0;
    %flag_set/vec4 8;
    %jmp/0xz  T_12.2, 8;
    %vpi_call/w 3 66 "$fwrite", v0xaa3066ee0_0, "W %0d %0d\012", v0xaa30669e0_0, v0xaa3066bc0_0 {0 0 0};
    %jmp T_12.3;
T_12.2 ;
    %vpi_call/w 3 67 "$fwrite", v0xaa3066ee0_0, "R %0d %0d\012", v0xaa30669e0_0, v0xaa3066a80_0 {0 0 0};
T_12.3 ;
T_12.0 ;
    %jmp T_12;
    .thread T_12;
    .scope S_0x105b348f0;
T_13 ;
    %delay 1000, 0;
    %load/vec4 v0xaa3066940_0;
    %inv;
    %store/vec4 v0xaa3066940_0, 0, 1;
    %jmp T_13;
    .thread T_13;
    .scope S_0x105b348f0;
T_14 ;
    %vpi_func 3 78 "$fopen" 32, "out/sxt-024/rtl/tb_trace.txt", "w" {0 0 0};
    %store/vec4 v0xaa3066e40_0, 0, 32;
    %vpi_func 3 79 "$fopen" 32, "out/sxt-024/rtl/txn_rtl.txt", "w" {0 0 0};
    %store/vec4 v0xaa3066ee0_0, 0, 32;
    %load/vec4 v0xaa3066e40_0;
    %cmpi/e 0, 0, 32;
    %jmp/1 T_14.2, 4;
    %flag_mov 8, 4;
    %load/vec4 v0xaa3066ee0_0;
    %cmpi/e 0, 0, 32;
    %flag_or 4, 8;
T_14.2;
    %jmp/0xz  T_14.0, 4;
    %vpi_call/w 3 80 "$fatal", 32'sb00000000000000000000000000000001, "cannot open output logs" {0 0 0};
T_14.0 ;
    %pushi/vec4 0, 0, 32;
    %store/vec4 v0xaa3066f80_0, 0, 32;
T_14.3 ; Top of for-loop
    %load/vec4 v0xaa3066f80_0;
    %cmpi/s 557056, 0, 32;
	  %jmp/0xz T_14.4, 5;
    %pushi/vec4 0, 0, 32;
    %ix/getv/s 4, v0xaa3066f80_0;
    %store/vec4a v0xaa3066d00, 4, 0;
T_14.5 ; for-loop step statement
    ; show_stmt_assign_vector: Get l-value for compressed += operand
    %load/vec4 v0xaa3066f80_0;
    %pushi/vec4 1, 0, 32;
    %add;
    %store/vec4 v0xaa3066f80_0, 0, 32;
    %jmp T_14.3;
T_14.4 ; for-loop exit label
    %vpi_call/w 3 84 "$readmemh", "rtl/effects/reverb1/sim/cfg.hex", v0xaa30672a0 {0 0 0};
    %ix/load 4, 0, 0;
    %flag_set/imm 4, 0;
    %load/vec4a v0xaa30672a0, 4;
    %store/vec4 v0xaa3065720_0, 0, 32;
    %ix/load 4, 1, 0;
    %flag_set/imm 4, 0;
    %load/vec4a v0xaa30672a0, 4;
    %store/vec4 v0xaa30650e0_0, 0, 32;
    %ix/load 4, 2, 0;
    %flag_set/imm 4, 0;
    %load/vec4a v0xaa30672a0, 4;
    %store/vec4 v0xaa3065180_0, 0, 32;
    %ix/load 4, 3, 0;
    %flag_set/imm 4, 0;
    %load/vec4a v0xaa30672a0, 4;
    %store/vec4 v0xaa30654a0_0, 0, 32;
    %ix/load 4, 4, 0;
    %flag_set/imm 4, 0;
    %load/vec4a v0xaa30672a0, 4;
    %store/vec4 v0xaa3065540_0, 0, 32;
    %ix/load 4, 5, 0;
    %flag_set/imm 4, 0;
    %load/vec4a v0xaa30672a0, 4;
    %store/vec4 v0xaa30657c0_0, 0, 32;
    %ix/load 4, 6, 0;
    %flag_set/imm 4, 0;
    %load/vec4a v0xaa30672a0, 4;
    %parti/s 1, 0, 2;
    %store/vec4 v0xaa3065400_0, 0, 1;
    %ix/load 4, 6, 0;
    %flag_set/imm 4, 0;
    %load/vec4a v0xaa30672a0, 4;
    %parti/s 1, 1, 2;
    %store/vec4 v0xaa3065360_0, 0, 1;
    %pushi/vec4 0, 0, 32;
    %store/vec4 v0xaa3066f80_0, 0, 32;
T_14.6 ; Top of for-loop
    %load/vec4 v0xaa3066f80_0;
    %cmpi/s 16, 0, 32;
	  %jmp/0xz T_14.7, 5;
    %pushi/vec4 7, 0, 32;
    %load/vec4 v0xaa3066f80_0;
    %add;
    %ix/vec4/s 4;
    %load/vec4a v0xaa30672a0, 4;
    %ix/getv/s 4, v0xaa3066f80_0;
    %store/vec4a v0xaa30652c0, 4, 0;
    %pushi/vec4 23, 0, 32;
    %load/vec4 v0xaa3066f80_0;
    %add;
    %ix/vec4/s 4;
    %load/vec4a v0xaa30672a0, 4;
    %ix/getv/s 4, v0xaa3066f80_0;
    %store/vec4a v0xaa3065220, 4, 0;
    %pushi/vec4 39, 0, 32;
    %load/vec4 v0xaa3066f80_0;
    %add;
    %ix/vec4/s 4;
    %load/vec4a v0xaa30672a0, 4;
    %ix/getv/s 4, v0xaa3066f80_0;
    %store/vec4a v0xaa30655e0, 4, 0;
    %pushi/vec4 55, 0, 32;
    %load/vec4 v0xaa3066f80_0;
    %add;
    %ix/vec4/s 4;
    %load/vec4a v0xaa30672a0, 4;
    %ix/getv/s 4, v0xaa3066f80_0;
    %store/vec4a v0xaa3065680, 4, 0;
T_14.8 ; for-loop step statement
    ; show_stmt_assign_vector: Get l-value for compressed += operand
    %load/vec4 v0xaa3066f80_0;
    %pushi/vec4 1, 0, 32;
    %add;
    %store/vec4 v0xaa3066f80_0, 0, 32;
    %jmp T_14.6;
T_14.7 ; for-loop exit label
    %pushi/vec4 0, 0, 32;
    %store/vec4 v0xaa3066f80_0, 0, 32;
T_14.9 ; Top of for-loop
    %load/vec4 v0xaa3066f80_0;
    %cmpi/s 5, 0, 32;
	  %jmp/0xz T_14.10, 5;
    %pushi/vec4 71, 0, 32;
    %load/vec4 v0xaa3066f80_0;
    %add;
    %ix/vec4/s 4;
    %load/vec4a v0xaa30672a0, 4;
    %ix/getv/s 4, v0xaa3066f80_0;
    %store/vec4a v0xaa3065040, 4, 0;
    %pushi/vec4 76, 0, 32;
    %load/vec4 v0xaa3066f80_0;
    %add;
    %ix/vec4/s 4;
    %load/vec4a v0xaa30672a0, 4;
    %ix/getv/s 4, v0xaa3066f80_0;
    %store/vec4a v0xaa3064f00, 4, 0;
    %pushi/vec4 81, 0, 32;
    %load/vec4 v0xaa3066f80_0;
    %add;
    %ix/vec4/s 4;
    %load/vec4a v0xaa30672a0, 4;
    %ix/getv/s 4, v0xaa3066f80_0;
    %store/vec4a v0xaa3064fa0, 4, 0;
T_14.11 ; for-loop step statement
    ; show_stmt_assign_vector: Get l-value for compressed += operand
    %load/vec4 v0xaa3066f80_0;
    %pushi/vec4 1, 0, 32;
    %add;
    %store/vec4 v0xaa3066f80_0, 0, 32;
    %jmp T_14.9;
T_14.10 ; for-loop exit label
    %vpi_call/w 3 106 "$readmemh", "rtl/effects/reverb1/sim/blocks.hex", v0xaa30670c0 {0 0 0};
    %ix/load 4, 0, 0;
    %flag_set/imm 4, 0;
    %load/vec4a v0xaa30670c0, 4;
    %cast2;
    %store/vec4 v0xaa3067020_0, 0, 32;
    %pushi/vec4 0, 0, 32;
    %store/vec4 v0xaa3066800_0, 0, 32;
T_14.12 ; Top of for-loop
    %load/vec4 v0xaa3066800_0;
    %load/vec4 v0xaa3067020_0;
    %cmp/s;
	  %jmp/0xz T_14.13, 5;
    %pushi/vec4 1, 0, 32;
    %load/vec4 v0xaa3066800_0;
    %muli 65, 0, 32;
    %add;
    %ix/vec4/s 4;
    %load/vec4a v0xaa30670c0, 4;
    %store/vec4 v0xaa3067340_0, 0, 32;
    %load/vec4 v0xaa3067340_0;
    %parti/s 1, 15, 5;
    %flag_set/vec4 8;
    %jmp/0xz  T_14.15, 8;
    %pushi/vec4 0, 0, 32;
    %store/vec4 v0xaa3066f80_0, 0, 32;
T_14.17 ; Top of for-loop
    %load/vec4 v0xaa3066f80_0;
    %cmpi/s 557056, 0, 32;
	  %jmp/0xz T_14.18, 5;
    %pushi/vec4 0, 0, 32;
    %ix/getv/s 4, v0xaa3066f80_0;
    %store/vec4a v0xaa3066d00, 4, 0;
T_14.19 ; for-loop step statement
    ; show_stmt_assign_vector: Get l-value for compressed += operand
    %load/vec4 v0xaa3066f80_0;
    %pushi/vec4 1, 0, 32;
    %add;
    %store/vec4 v0xaa3066f80_0, 0, 32;
    %jmp T_14.17;
T_14.18 ; for-loop exit label
    %vpi_call/w 3 115 "$fwrite", v0xaa3066ee0_0, "X RESET\012" {0 0 0};
    %wait E_0xaa305eb00;
    %pushi/vec4 1, 0, 1;
    %store/vec4 v0xaa3067200_0, 0, 1;
    %wait E_0xaa305eb00;
    %pushi/vec4 0, 0, 1;
    %store/vec4 v0xaa3067200_0, 0, 1;
T_14.15 ;
    %pushi/vec4 0, 0, 32;
    %store/vec4 v0xaa3066f80_0, 0, 32;
T_14.20 ; Top of for-loop
    %load/vec4 v0xaa3066f80_0;
    %cmpi/s 32, 0, 32;
	  %jmp/0xz T_14.21, 5;
    %pushi/vec4 2, 0, 32;
    %load/vec4 v0xaa3066800_0;
    %muli 65, 0, 32;
    %add;
    %load/vec4 v0xaa3066f80_0;
    %add;
    %ix/vec4/s 4;
    %load/vec4a v0xaa30670c0, 4;
    %ix/getv/s 4, v0xaa3066f80_0;
    %store/vec4a v0xaa3065f40, 4, 0;
    %pushi/vec4 2, 0, 32;
    %load/vec4 v0xaa3066800_0;
    %muli 65, 0, 32;
    %add;
    %addi 32, 0, 32;
    %load/vec4 v0xaa3066f80_0;
    %add;
    %ix/vec4/s 4;
    %load/vec4a v0xaa30670c0, 4;
    %ix/getv/s 4, v0xaa3066f80_0;
    %store/vec4a v0xaa3065fe0, 4, 0;
T_14.22 ; for-loop step statement
    ; show_stmt_assign_vector: Get l-value for compressed += operand
    %load/vec4 v0xaa3066f80_0;
    %pushi/vec4 1, 0, 32;
    %add;
    %store/vec4 v0xaa3066f80_0, 0, 32;
    %jmp T_14.20;
T_14.21 ; for-loop exit label
    %wait E_0xaa305eb00;
    %pushi/vec4 1, 0, 1;
    %store/vec4 v0xaa3067160_0, 0, 1;
    %wait E_0xaa305eb00;
    %pushi/vec4 0, 0, 1;
    %store/vec4 v0xaa3067160_0, 0, 1;
T_14.23 ;
    %load/vec4 v0xaa30668a0_0;
    %nor/r;
    %flag_set/vec4 8;
    %jmp/0xz T_14.24, 8;
    %wait E_0xaa305eb00;
    %jmp T_14.23;
T_14.24 ;
    %alloc S_0x105b3dfb0;
    %load/vec4 v0xaa3066800_0;
    %store/vec4 v0xaa3066760_0, 0, 32;
    %fork TD_tb_reverb1.dump_checkpoint, S_0x105b3dfb0;
    %join;
    %free S_0x105b3dfb0;
T_14.14 ; for-loop step statement
    ; show_stmt_assign_vector: Get l-value for compressed += operand
    %load/vec4 v0xaa3066800_0;
    %pushi/vec4 1, 0, 32;
    %add;
    %store/vec4 v0xaa3066800_0, 0, 32;
    %jmp T_14.12;
T_14.13 ; for-loop exit label
    %vpi_func 3 132 "$fopen" 32, "out/sxt-024/rtl/mem_rtl.hex", "w" {0 0 0};
    %store/vec4 v0xaa3066da0_0, 0, 32;
    %pushi/vec4 0, 0, 32;
    %store/vec4 v0xaa3066f80_0, 0, 32;
T_14.25 ; Top of for-loop
    %load/vec4 v0xaa3066f80_0;
    %cmpi/s 557056, 0, 32;
	  %jmp/0xz T_14.26, 5;
    %vpi_call/w 3 133 "$fwrite", v0xaa3066da0_0, "%08h\012", &A<v0xaa3066d00, v0xaa3066f80_0 > {0 0 0};
T_14.27 ; for-loop step statement
    ; show_stmt_assign_vector: Get l-value for compressed += operand
    %load/vec4 v0xaa3066f80_0;
    %pushi/vec4 1, 0, 32;
    %add;
    %store/vec4 v0xaa3066f80_0, 0, 32;
    %jmp T_14.25;
T_14.26 ; for-loop exit label
    %vpi_call/w 3 134 "$fclose", v0xaa3066da0_0 {0 0 0};
    %vpi_call/w 3 135 "$fclose", v0xaa3066e40_0 {0 0 0};
    %vpi_call/w 3 136 "$fclose", v0xaa3066ee0_0 {0 0 0};
    %vpi_call/w 3 137 "$display", "DONE blocks=%0d", v0xaa3067020_0 {0 0 0};
    %vpi_call/w 3 138 "$finish" {0 0 0};
    %end;
    .thread T_14;
# The file index is used to find the file name in the following table.
:file_names 5;
    "N/A";
    "<interactive>";
    "-";
    "/Users/joseph/dev/gf180-surge-wt-024b/rtl/effects/reverb1/tb_reverb1.sv";
    "/Users/joseph/dev/gf180-surge-wt-024b/rtl/effects/reverb1/reverb1_core.sv";
